
⚠️ Detected that your app uses Expo Go for development, this is not recommended when building production apps.
Learn more: https://expo.fyi/why-not-build-expo-go-for-production
To suppress this warning, set EAS_BUILD_NO_EXPO_GO_WARNING=true.

Environment variables with visibility "Plain text" and "Sensitive" loaded from the "production" environment on EAS: EXPO_PUBLIC_REVENUECAT_ANDROID_KEY, EXPO_PUBLIC_REVENUECAT_IOS_KEY.



✔ Using remote iOS credentials (Expo server)

Distribution Certificate is not validated for non-interactive builds.
Using App Store Connect API Key from EAS credentials service.
⠋ Fetching Apple provisioning profiles⠙ Fetching Apple provisioning profiles⠹ Fetching Apple provisioning profiles⠸ Fetching Apple provisioning profiles⠼ Fetching Apple provisioning profiles⠴ Fetching Apple provisioning profiles⠦ Fetching Apple provisioning profiles⠧ Fetching Apple provisioning profiles⠇ Fetching Apple provisioning profiles⠏ Fetching Apple provisioning profiles⠋ Fetching Apple provisioning profiles⠙ Fetching Apple provisioning profiles✔ Fetched Apple provisioning profiles

Project Credentials Configuration

Project                   @sinjingallegos/my-app
Bundle Identifier         com.masongallegos.itsadventuretime
                          
App Store Configuration   
                          
Distribution Certificate  
Serial Number             1CF286B09CDB2E9F1F5936E12343332
Expiration Date           Fri, 16 Jul 2027 00:04:16 MDT
Apple Team                2AU7KFCM84 (Mason Gallegos (Individual))
Updated                   5 days ago
                          
Provisioning Profile      
Developer Portal ID       MQWRXHA955
Status                    active
Expiration                Fri, 16 Jul 2027 00:04:16 MDT
Apple Team                2AU7KFCM84 (Mason Gallegos (Individual))
Updated                   4 days ago
                          
All credentials are ready to build @sinjingallegos/my-app (com.masongallegos.itsadventuretime)


Compressing project files and uploading to EAS Build. Learn more: https://expo.fyi/eas-build-archive
⠋ Compressing project files⠙ Compressing project files⠹ Compressing project files⠸ Compressing project files⠼ Compressing project files⠴ Compressing project files⠦ Compressing project files⠧ Compressing project files⠇ Compressing project files⠏ Compressing project files⠋ Compressing project files⠙ Compressing project files⠹ Compressing project files⠸ Compressing project files⠼ Compressing project files⠴ Compressing project files⠦ Compressing project files⠧ Compressing project files⠇ Compressing project files⠏ Compressing project files⠋ Compressing project files⠙ Compressing project files⠹ Compressing project files⠸ Compressing project files⠼ Compressing project files⠴ Compressing project files⠦ Compressing project files⠧ Compressing project files⠇ Compressing project files⠏ Compressing project files⠋ Compressing project files⠙ Compressing project files⠹ Compressing project files⠸ Compressing project files⠼ Compressing project files⠴ Compressing project files⠦ Compressing project files⠧ Compressing project files⠇ Compressing project files⠏ Compressing project files⠋ Compressing project files⠙ Compressing project files⠹ Compressing project files⠸ Compressing project files⠼ Compressing project files⠴ Compressing project files⠦ Compressing project files⠧ Compressing project files⠇ Compressing project files⠏ Compressing project files⠋ Compressing project files⠙ Compressing project files✔ Compressed project files 9s (71.4 MB)
⠋ Uploading to EAS Build (0 / 71.4 MB)⠙ Uploading to EAS Build (64.0 KB / 71.4 MB)⠹ Uploading to EAS Build (320 KB / 71.4 MB)⠸ Uploading to EAS Build (512 KB / 71.4 MB)⠼ Uploading to EAS Build (512 KB / 71.4 MB)⠴ Uploading to EAS Build (512 KB / 71.4 MB)⠦ Uploading to EAS Build (4.3 MB / 71.4 MB)⠧ Uploading to EAS Build (4.4 MB / 71.4 MB)⠇ Uploading to EAS Build (5.1 MB / 71.4 MB)⠏ Uploading to EAS Build (6.4 MB / 71.4 MB)⠋ Uploading to EAS Build (7.8 MB / 71.4 MB)⠙ Uploading to EAS Build (8.4 MB / 71.4 MB)⠹ Uploading to EAS Build (8.4 MB / 71.4 MB)⠸ Uploading to EAS Build (10.4 MB / 71.4 MB)⠼ Uploading to EAS Build (11.7 MB / 71.4 MB)⠴ Uploading to EAS Build (13.1 MB / 71.4 MB)⠦ Uploading to EAS Build (13.8 MB / 71.4 MB)⠧ Uploading to EAS Build (14.8 MB / 71.4 MB)⠇ Uploading to EAS Build (15.9 MB / 71.4 MB)⠏ Uploading to EAS Build (15.9 MB / 71.4 MB)⠋ Uploading to EAS Build (17.3 MB / 71.4 MB)⠙ Uploading to EAS Build (18.6 MB / 71.4 MB)⠹ Uploading to EAS Build (20.8 MB / 71.4 MB)⠸ Uploading to EAS Build (23.2 MB / 71.4 MB)⠼ Uploading to EAS Build (23.9 MB / 71.4 MB)⠴ Uploading to EAS Build (24.8 MB / 71.4 MB)⠦ Uploading to EAS Build (25.1 MB / 71.4 MB)⠧ Uploading to EAS Build (27.0 MB / 71.4 MB)⠇ Uploading to EAS Build (28.9 MB / 71.4 MB)⠏ Uploading to EAS Build (30.1 MB / 71.4 MB)⠋ Uploading to EAS Build (30.1 MB / 71.4 MB)⠙ Uploading to EAS Build (33.1 MB / 71.4 MB)⠹ Uploading to EAS Build (33.8 MB / 71.4 MB)⠸ Uploading to EAS Build (37.0 MB / 71.4 MB)⠼ Uploading to EAS Build (39.9 MB / 71.4 MB)⠴ Uploading to EAS Build (43.1 MB / 71.4 MB)⠦ Uploading to EAS Build (45.7 MB / 71.4 MB)⠧ Uploading to EAS Build (48.4 MB / 71.4 MB)⠇ Uploading to EAS Build (48.4 MB / 71.4 MB)⠏ Uploading to EAS Build (50.3 MB / 71.4 MB)⠋ Uploading to EAS Build (51.4 MB / 71.4 MB)⠙ Uploading to EAS Build (53.3 MB / 71.4 MB)⠹ Uploading to EAS Build (54.8 MB / 71.4 MB)⠸ Uploading to EAS Build (56.4 MB / 71.4 MB)⠼ Uploading to EAS Build (56.9 MB / 71.4 MB)⠴ Uploading to EAS Build (57.6 MB / 71.4 MB)⠦ Uploading to EAS Build (57.6 MB / 71.4 MB)⠧ Uploading to EAS Build (57.6 MB / 71.4 MB)⠇ Uploading to EAS Build (60.6 MB / 71.4 MB)⠏ Uploading to EAS Build (62.0 MB / 71.4 MB)⠋ Uploading to EAS Build (63.1 MB / 71.4 MB)⠙ Uploading to EAS Build (63.3 MB / 71.4 MB)⠹ Uploading to EAS Build (63.3 MB / 71.4 MB)⠸ Uploading to EAS Build (63.7 MB / 71.4 MB)⠼ Uploading to EAS Build (65.3 MB / 71.4 MB)⠴ Uploading to EAS Build (67.4 MB / 71.4 MB)⠦ Uploading to EAS Build (70.5 MB / 71.4 MB)⠧ Uploading to EAS Build (71.4 MB / 71.4 MB)⠇ Uploading to EAS Build (71.4 MB / 71.4 MB)⠏ Uploading to EAS Build (71.4 MB / 71.4 MB)⠋ Uploading to EAS Build (71.4 MB / 71.4 MB)✔ Uploaded to EAS 4s
⠋ Computing project fingerprint⠙ Computing project fingerprint⠹ Computing project fingerprint⠸ Computing project fingerprint⠼ Computing project fingerprint⠴ Computing project fingerprint⠦ Computing project fingerprint⠧ Computing project fingerprint⠇ Computing project fingerprint⠏ Computing project fingerprint⠋ Computing project fingerprint⠙ Computing project fingerprint⠹ Computing project fingerprint⠸ Computing project fingerprint⠼ Computing project fingerprint⠴ Computing project fingerprint⠦ Computing project fingerprint⠧ Computing project fingerprint⠇ Computing project fingerprint⠏ Computing project fingerprint⠋ Computing project fingerprint⠙ Computing project fingerprint⠹ Computing project fingerprint⠸ Computing project fingerprint⠼ Computing project fingerprint⠴ Computing project fingerprint⠦ Computing project fingerprint⠧ Computing project fingerprint⠇ Computing project fingerprint⠏ Computing project fingerprint⠋ Computing project fingerprint⠙ Computing project fingerprint⠹ Computing project fingerprint⠸ Computing project fingerprint⠼ Computing project fingerprint⠴ Computing project fingerprint⠦ Computing project fingerprint⠧ Computing project fingerprint⠇ Computing project fingerprint⠏ Computing project fingerprint⠋ Computing project fingerprint⠙ Computing project fingerprint⠹ Computing project fingerprint⠸ Computing project fingerprint⠼ Computing project fingerprint⠴ Computing project fingerprint⠦ Computing project fingerprint⠧ Computing project fingerprint⠇ Computing project fingerprint⠏ Computing project fingerprint⠋ Computing project fingerprint⠙ Computing project fingerprint⠹ Computing project fingerprint⠸ Computing project fingerprint⠼ Computing project fingerprint⠴ Computing project fingerprint⌛️ Computing the project fingerprint is taking longer than expected...
⠋ Computing project fingerprint⏩ To skip this step, set the environment variable: EAS_SKIP_AUTO_FINGERPRINT=1
⠋ Computing project fingerprint⠙ Computing project fingerprint⠹ Computing project fingerprint⠸ Computing project fingerprint⠼ Computing project fingerprint⠴ Computing project fingerprint⠦ Computing project fingerprint✔ Computed project fingerprint
This account has used its iOS builds from the Free plan this month, which will reset in 10 days (on Sat Aug 01 2026). Upgrade your plan for more builds with shorter wait times and longer timeouts, and to run more builds concurrently with a subscription plan. https://expo.dev/accounts/sinjingallegos/settings/billing
    Error: build command failed.
