2026-07-21 08:37:06 +0000 [MT] Initial pipeline context: <IDEDistributionProcessingPipelineContext: 0x79579cf00; archive(resolved)="<IDEArchive: 0x7978c4310>", distributionTask(resolved)="2", distributionDestination(resolved)="1", distributionMethod(resolved)="<IDEDistributionMethodiOSAppStoreDistribution: 0x797984e80>", team(resolved)="<IDEProvisioningBasicTeam: 0x795716c00; teamID='2AU7KFCM84', teamName='(null)'>">
	Chain (15, self inclusive):
	<IDEDistributionProcessingPipelineContext: 0x79579cf00; archive = "<IDEArchive: 0x7978c4310>", distributionMethod="<IDEDistributionMethodiOSAppStoreDistribution: 0x797984e80>", team="<IDEProvisioningBasicTeam: 0x795716c00; teamID='2AU7KFCM84', teamName='(null)'>">
	<IDEDistributionProcessingPipelineContext: 0x79579c300; archive = "<IDEArchive: 0x7978c4310>", distributionMethod="<IDEDistributionMethodiOSAppStoreDistribution: 0x797984e80>", team="<IDEProvisioningBasicTeam: 0x795716c00; teamID='2AU7KFCM84', teamName='(null)'>">
	<IDEDistributionContext: 0x797962800; archive = "<IDEArchive: 0x7978c4310>", distributionMethod="<IDEDistributionMethodiOSAppStoreDistribution: 0x797984e80>", team="<IDEProvisioningBasicTeam: 0x795716c00; teamID='2AU7KFCM84', teamName='(null)'>">
	<IDEDistributionContext: 0x797961b80; archive = "<IDEArchive: 0x7978c4310>", distributionMethod="<IDEDistributionMethodiOSAppStoreDistribution: 0x797984e80>", team="<IDEProvisioningBasicTeam: 0x795716c00; teamID='2AU7KFCM84', teamName='(null)'>">
	<IDEDistributionContext: 0x797961900; archive = "<IDEArchive: 0x7978c4310>", distributionMethod="<IDEDistributionMethodiOSAppStoreDistribution: 0x797984e80>", team="<IDEProvisioningBasicTeam: 0x795716c00; teamID='2AU7KFCM84', teamName='(null)'>">
	<IDEDistributionContext: 0x797961680; archive = "<IDEArchive: 0x7978c4310>", distributionMethod="<IDEDistributionMethodiOSAppStoreDistribution: 0x797984e80>", team="<IDEProvisioningBasicTeam: 0x795716c00; teamID='2AU7KFCM84', teamName='(null)'>">
	<IDEDistributionContext: 0x797961400; archive = "<IDEArchive: 0x7978c4310>", distributionMethod="<IDEDistributionMethodiOSAppStoreDistribution: 0x797984e80>", team="<IDEProvisioningBasicTeam: 0x795716c00; teamID='2AU7KFCM84', teamName='(null)'>">
	<IDEDistributionContext: 0x797961180; archive = "<IDEArchive: 0x7978c4310>", distributionMethod="<IDEDistributionMethodiOSAppStoreDistribution: 0x797984e80>", team="<IDEProvisioningBasicTeam: 0x795716c00; teamID='2AU7KFCM84', teamName='(null)'>">
	<IDEDistributionContext: 0x797960a00; archive = "<IDEArchive: 0x7978c4310>", distributionMethod="<IDEDistributionMethodiOSAppStoreDistribution: 0x797984e80>", team="<IDEProvisioningBasicTeam: 0x795716c00; teamID='2AU7KFCM84', teamName='(null)'>">
	<IDEDistributionContext: 0x797960780; archive = "<IDEArchive: 0x7978c4310>", distributionMethod="<IDEDistributionMethodiOSAppStoreDistribution: 0x797984e80>", team="<IDEProvisioningBasicTeam: 0x795716c00; teamID='2AU7KFCM84', teamName='(null)'>">
	<IDEDistributionContext: 0x797960500; archive = "<IDEArchive: 0x7978c4310>", distributionMethod="<IDEDistributionMethodiOSAppStoreDistribution: 0x797984e80>", team="<IDEProvisioningBasicTeam: 0x795716c00; teamID='2AU7KFCM84', teamName='(null)'>">
	<IDEDistributionContext: 0x797960280; archive = "<IDEArchive: 0x7978c4310>", distributionMethod="<IDEDistributionMethodiOSAppStoreDistribution: 0x797984e80>", team="<IDEProvisioningBasicTeam: 0x795716c00; teamID='2AU7KFCM84', teamName='(null)'>">
	<IDEDistributionContext: 0x797960000; archive = "<IDEArchive: 0x7978c4310>", distributionMethod="<IDEDistributionMethodiOSAppStoreDistribution: 0x797984e80>", team="(null)">
	<IDEDistributionContext: 0x1051eb390; archive = "<IDEArchive: 0x7978c4310>", distributionMethod="<IDEDistributionMethodiOSAppStoreDistribution: 0x797984e80>", team="(null)">
	<IDEDistributionContext: 0x1052019d0; archive = "<IDEArchive: 0x7978c4310>", distributionMethod="(null)", team="(null)">
</IDEDistributionProcessingPipelineContext: 0x79579cf00>
2026-07-21 08:37:06 +0000 [MT] Processing step: IDEDistributionCreateDestRootStep
2026-07-21 08:37:06 +0000 [MT] Processing step: IDEDistributionCopyItemStep
2026-07-21 08:37:06 +0000 [MT] Running /usr/bin/ditto '-V' '/Users/sinjin/its-adventure-time/ItsAdventureTime.xcarchive/Products/Applications/ItsAdventureTime.app' '/var/folders/qt/kpfgjxmx6m5clksryb0r58gw0000gn/T/XcodeDistPipeline.~~~RhJvOO/Root/Payload/ItsAdventureTime.app'
2026-07-21 08:37:06 +0000  >>> Copying /Users/sinjin/its-adventure-time/ItsAdventureTime.xcarchive/Products/Applications/ItsAdventureTime.app 
2026-07-21 08:37:06 +0000  copying file ./_CodeSignature/CodeResources ... 
2026-07-21 08:37:06 +0000  29601 bytes for ./_CodeSignature/CodeResources
2026-07-21 08:37:06 +0000  copying file ./SplashScreen.storyboardc/EXPO-VIEWCONTROLLER-1-view-EXPO-ContainerView.nib ... 
2026-07-21 08:37:06 +0000  2024 bytes for ./SplashScreen.storyboardc/EXPO-VIEWCONTROLLER-1-view-EXPO-ContainerView.nib
2026-07-21 08:37:06 +0000  copying file ./SplashScreen.storyboardc/SplashScreenViewController.nib ... 
2026-07-21 08:37:06 +0000  1004 bytes for ./SplashScreen.storyboardc/SplashScreenViewController.nib
2026-07-21 08:37:06 +0000  copying file ./SplashScreen.storyboardc/Info.plist ... 
2026-07-21 08:37:06 +0000  225 bytes for ./SplashScreen.storyboardc/Info.plist
2026-07-21 08:37:06 +0000  copying file ./EXUpdates.bundle/app.manifest ... 
2026-07-21 08:37:06 +0000  10843 bytes for ./EXUpdates.bundle/app.manifest
2026-07-21 08:37:06 +0000  copying file ./EXUpdates.bundle/Info.plist ... 
2026-07-21 08:37:06 +0000  768 bytes for ./EXUpdates.bundle/Info.plist
2026-07-21 08:37:06 +0000  copying file ./ExpoSystemUI_privacy.bundle/PrivacyInfo.xcprivacy ... 
2026-07-21 08:37:06 +0000  607 bytes for ./ExpoSystemUI_privacy.bundle/PrivacyInfo.xcprivacy
2026-07-21 08:37:06 +0000  copying file ./ExpoSystemUI_privacy.bundle/Info.plist ... 
2026-07-21 08:37:06 +0000  790 bytes for ./ExpoSystemUI_privacy.bundle/Info.plist
2026-07-21 08:37:06 +0000  copying file ./ItsAdventureTime ... 
2026-07-21 08:37:06 +0000  15609952 bytes for ./ItsAdventureTime
2026-07-21 08:37:06 +0000  copying file ./ReachabilitySwift.bundle/PrivacyInfo.xcprivacy ... 
2026-07-21 08:37:06 +0000  228 bytes for ./ReachabilitySwift.bundle/PrivacyInfo.xcprivacy
2026-07-21 08:37:06 +0000  copying file ./ReachabilitySwift.bundle/Info.plist ... 
2026-07-21 08:37:06 +0000  784 bytes for ./ReachabilitySwift.bundle/Info.plist
2026-07-21 08:37:06 +0000  copying file ./Sentry.bundle/PrivacyInfo.xcprivacy ... 
2026-07-21 08:37:06 +0000  2108 bytes for ./Sentry.bundle/PrivacyInfo.xcprivacy
2026-07-21 08:37:06 +0000  copying file ./Sentry.bundle/Info.plist ... 
2026-07-21 08:37:06 +0000  761 bytes for ./Sentry.bundle/Info.plist
2026-07-21 08:37:06 +0000  copying file ./AppIcon60x60@2x.png ... 
2026-07-21 08:37:06 +0000  15353 bytes for ./AppIcon60x60@2x.png
2026-07-21 08:37:06 +0000  copying file ./ExpoConstants_privacy.bundle/PrivacyInfo.xcprivacy ... 
2026-07-21 08:37:06 +0000  607 bytes for ./ExpoConstants_privacy.bundle/PrivacyInfo.xcprivacy
2026-07-21 08:37:06 +0000  copying file ./ExpoConstants_privacy.bundle/Info.plist ... 
2026-07-21 08:37:06 +0000  794 bytes for ./ExpoConstants_privacy.bundle/Info.plist
2026-07-21 08:37:06 +0000  copying file ./React-cxxreact_privacy.bundle/PrivacyInfo.xcprivacy ... 
2026-07-21 08:37:06 +0000  552 bytes for ./React-cxxreact_privacy.bundle/PrivacyInfo.xcprivacy
2026-07-21 08:37:06 +0000  copying file ./React-cxxreact_privacy.bundle/Info.plist ... 
2026-07-21 08:37:06 +0000  795 bytes for ./React-cxxreact_privacy.bundle/Info.plist
2026-07-21 08:37:06 +0000  copying file ./RevenueCat.bundle/PrivacyInfo.xcprivacy ... 
2026-07-21 08:37:06 +0000  945 bytes for ./RevenueCat.bundle/PrivacyInfo.xcprivacy
2026-07-21 08:37:06 +0000  copying file ./RevenueCat.bundle/Info.plist ... 
2026-07-21 08:37:06 +0000  769 bytes for ./RevenueCat.bundle/Info.plist
2026-07-21 08:37:06 +0000  copying file ./ExpoApplication_privacy.bundle/PrivacyInfo.xcprivacy ... 
2026-07-21 08:37:06 +0000  608 bytes for ./ExpoApplication_privacy.bundle/PrivacyInfo.xcprivacy
2026-07-21 08:37:06 +0000  copying file ./ExpoApplication_privacy.bundle/Info.plist ... 
2026-07-21 08:37:06 +0000  796 bytes for ./ExpoApplication_privacy.bundle/Info.plist
2026-07-21 08:37:06 +0000  copying file ./Assets.car ... 
2026-07-21 08:37:06 +0000  2148296 bytes for ./Assets.car
2026-07-21 08:37:06 +0000  copying file ./AppIcon76x76@2x~ipad.png ... 
2026-07-21 08:37:06 +0000  23102 bytes for ./AppIcon76x76@2x~ipad.png
2026-07-21 08:37:06 +0000  copying file ./main.jsbundle ... 
2026-07-21 08:37:06 +0000  8721740 bytes for ./main.jsbundle
2026-07-21 08:37:06 +0000  copying file ./EXConstants.bundle/app.config ... 
1485 bytes for ./EXConstants.bundle/app.config
copying file ./EXConstants.bundle/Info.plist ... 
2026-07-21 08:37:06 +0000  772 bytes for ./EXConstants.bundle/Info.plist
2026-07-21 08:37:06 +0000  copying file ./SDWebImage.bundle/PrivacyInfo.xcprivacy ... 
2026-07-21 08:37:06 +0000  599 bytes for ./SDWebImage.bundle/PrivacyInfo.xcprivacy
2026-07-21 08:37:06 +0000  copying file ./SDWebImage.bundle/Info.plist ... 
2026-07-21 08:37:06 +0000  768 bytes for ./SDWebImage.bundle/Info.plist
2026-07-21 08:37:06 +0000  copying file ./PrivacyInfo.xcprivacy ... 
2026-07-21 08:37:06 +0000  1283 bytes for ./PrivacyInfo.xcprivacy
2026-07-21 08:37:06 +0000  copying file ./ExpoNotifications_privacy.bundle/PrivacyInfo.xcprivacy ... 
2026-07-21 08:37:06 +0000  607 bytes for ./ExpoNotifications_privacy.bundle/PrivacyInfo.xcprivacy
2026-07-21 08:37:06 +0000  copying file ./ExpoNotifications_privacy.bundle/Info.plist ... 
2026-07-21 08:37:06 +0000  802 bytes for ./ExpoNotifications_privacy.bundle/Info.plist
2026-07-21 08:37:06 +0000  copying file ./ExpoFileSystem_privacy.bundle/PrivacyInfo.xcprivacy ... 
2026-07-21 08:37:06 +0000  877 bytes for ./ExpoFileSystem_privacy.bundle/PrivacyInfo.xcprivacy
2026-07-21 08:37:06 +0000  copying file ./ExpoFileSystem_privacy.bundle/Info.plist ... 
2026-07-21 08:37:06 +0000  796 bytes for ./ExpoFileSystem_privacy.bundle/Info.plist
2026-07-21 08:37:06 +0000  copying file ./PurchasesHybridCommon.bundle/PrivacyInfo.xcprivacy ... 
2026-07-21 08:37:06 +0000  551 bytes for ./PurchasesHybridCommon.bundle/PrivacyInfo.xcprivacy
2026-07-21 08:37:06 +0000  copying file ./PurchasesHybridCommon.bundle/Info.plist ... 
2026-07-21 08:37:06 +0000  794 bytes for ./PurchasesHybridCommon.bundle/Info.plist
2026-07-21 08:37:06 +0000  copying file ./ReactNativeMapsPrivacy.bundle/PrivacyInfo.xcprivacy ... 
2026-07-21 08:37:06 +0000  1209 bytes for ./ReactNativeMapsPrivacy.bundle/PrivacyInfo.xcprivacy
2026-07-21 08:37:06 +0000  copying file ./ReactNativeMapsPrivacy.bundle/Info.plist ... 
2026-07-21 08:37:06 +0000  795 bytes for ./ReactNativeMapsPrivacy.bundle/Info.plist
2026-07-21 08:37:06 +0000  copying file ./Frameworks/React.framework/_CodeSignature/CodeResources ... 
2026-07-21 08:37:06 +0000  1798 bytes for ./Frameworks/React.framework/_CodeSignature/CodeResources
2026-07-21 08:37:06 +0000  copying file ./Frameworks/React.framework/React ... 
2026-07-21 08:37:06 +0000  11372576 bytes for ./Frameworks/React.framework/React
2026-07-21 08:37:06 +0000  copying file ./Frameworks/React.framework/Info.plist ... 
2026-07-21 08:37:06 +0000  749 bytes for ./Frameworks/React.framework/Info.plist
2026-07-21 08:37:06 +0000  copying file ./Frameworks/ReactNativeDependencies.framework/_CodeSignature/CodeResources ... 
2026-07-21 08:37:06 +0000  3548 bytes for ./Frameworks/ReactNativeDependencies.framework/_CodeSignature/CodeResources
2026-07-21 08:37:06 +0000  copying file ./Frameworks/ReactNativeDependencies.framework/ReactNativeDependencies_folly.bundle/PrivacyInfo.xcprivacy ... 
2026-07-21 08:37:06 +0000  552 bytes for ./Frameworks/ReactNativeDependencies.framework/ReactNativeDependencies_folly.bundle/PrivacyInfo.xcprivacy
2026-07-21 08:37:06 +0000  copying file ./Frameworks/ReactNativeDependencies.framework/ReactNativeDependencies_folly.bundle/Info.plist ... 
2026-07-21 08:37:06 +0000  690 bytes for ./Frameworks/ReactNativeDependencies.framework/ReactNativeDependencies_folly.bundle/Info.plist
2026-07-21 08:37:06 +0000  copying file ./Frameworks/ReactNativeDependencies.framework/ReactNativeDependencies ... 
2026-07-21 08:37:06 +0000  1287280 bytes for ./Frameworks/ReactNativeDependencies.framework/ReactNativeDependencies
2026-07-21 08:37:06 +0000  copying file ./Frameworks/ReactNativeDependencies.framework/ReactNativeDependencies_glog.bundle/PrivacyInfo.xcprivacy ... 
2026-07-21 08:37:06 +0000  552 bytes for ./Frameworks/ReactNativeDependencies.framework/ReactNativeDependencies_glog.bundle/PrivacyInfo.xcprivacy
2026-07-21 08:37:06 +0000  copying file ./Frameworks/ReactNativeDependencies.framework/ReactNativeDependencies_glog.bundle/Info.plist ... 
2026-07-21 08:37:06 +0000  688 bytes for ./Frameworks/ReactNativeDependencies.framework/ReactNativeDependencies_glog.bundle/Info.plist
2026-07-21 08:37:06 +0000  copying file ./Frameworks/ReactNativeDependencies.framework/ReactNativeDependencies_boost.bundle/PrivacyInfo.xcprivacy ... 
2026-07-21 08:37:06 +0000  776 bytes for ./Frameworks/ReactNativeDependencies.framework/ReactNativeDependencies_boost.bundle/PrivacyInfo.xcprivacy
2026-07-21 08:37:06 +0000  copying file ./Frameworks/ReactNativeDependencies.framework/ReactNativeDependencies_boost.bundle/Info.plist ... 
2026-07-21 08:37:06 +0000  690 bytes for ./Frameworks/ReactNativeDependencies.framework/ReactNativeDependencies_boost.bundle/Info.plist
2026-07-21 08:37:06 +0000  copying file ./Frameworks/ReactNativeDependencies.framework/Info.plist ... 
2026-07-21 08:37:06 +0000  782 bytes for ./Frameworks/ReactNativeDependencies.framework/Info.plist
2026-07-21 08:37:06 +0000  copying file ./Frameworks/hermes.framework/_CodeSignature/CodeResources ... 
2026-07-21 08:37:06 +0000  1798 bytes for ./Frameworks/hermes.framework/_CodeSignature/CodeResources
2026-07-21 08:37:06 +0000  copying file ./Frameworks/hermes.framework/hermes ... 
2026-07-21 08:37:06 +0000  4755616 bytes for ./Frameworks/hermes.framework/hermes
2026-07-21 08:37:06 +0000  copying file ./Frameworks/hermes.framework/Info.plist ... 
2026-07-21 08:37:06 +0000  859 bytes for ./Frameworks/hermes.framework/Info.plist
2026-07-21 08:37:06 +0000  copying file ./embedded.mobileprovision ... 
2026-07-21 08:37:06 +0000  12615 bytes for ./embedded.mobileprovision
2026-07-21 08:37:06 +0000  copying file ./assets/node_modules/@react-navigation/elements/lib/module/assets/back-icon@3x.png ... 
2026-07-21 08:37:06 +0000  761 bytes for ./assets/node_modules/@react-navigation/elements/lib/module/assets/back-icon@3x.png
2026-07-21 08:37:06 +0000  copying file ./assets/node_modules/@react-navigation/elements/lib/module/assets/back-icon@2x.png ... 
2026-07-21 08:37:06 +0000  405 bytes for ./assets/node_modules/@react-navigation/elements/lib/module/assets/back-icon@2x.png
2026-07-21 08:37:06 +0000  copying file ./assets/node_modules/@react-navigation/elements/lib/module/assets/search-icon@2x.png ... 
2026-07-21 08:37:06 +0000  589 bytes for ./assets/node_modules/@react-navigation/elements/lib/module/assets/search-icon@2x.png
2026-07-21 08:37:06 +0000  copying file ./assets/node_modules/@react-navigation/elements/lib/module/assets/clear-icon@3x.png ... 
2026-07-21 08:37:06 +0000  502 bytes for ./assets/node_modules/@react-navigation/elements/lib/module/assets/clear-icon@3x.png
2026-07-21 08:37:06 +0000  copying file ./assets/node_modules/@react-navigation/elements/lib/module/assets/back-icon.png ... 
2026-07-21 08:37:06 +0000  290 bytes for ./assets/node_modules/@react-navigation/elements/lib/module/assets/back-icon.png
2026-07-21 08:37:06 +0000  copying file ./assets/node_modules/@react-navigation/elements/lib/module/assets/clear-icon@2x.png ... 
2026-07-21 08:37:06 +0000  334 bytes for ./assets/node_modules/@react-navigation/elements/lib/module/assets/clear-icon@2x.png
2026-07-21 08:37:06 +0000  copying file ./assets/node_modules/@react-navigation/elements/lib/module/assets/search-icon@3x.png ... 
2026-07-21 08:37:06 +0000  839 bytes for ./assets/node_modules/@react-navigation/elements/lib/module/assets/search-icon@3x.png
2026-07-21 08:37:06 +0000  copying file ./assets/node_modules/@react-navigation/elements/lib/module/assets/close-icon.png ... 
2026-07-21 08:37:06 +0000  141 bytes for ./assets/node_modules/@react-navigation/elements/lib/module/assets/close-icon.png
2026-07-21 08:37:06 +0000  copying file ./assets/node_modules/@react-navigation/elements/lib/module/assets/back-icon-mask.png ... 
2026-07-21 08:37:06 +0000  653 bytes for ./assets/node_modules/@react-navigation/elements/lib/module/assets/back-icon-mask.png
2026-07-21 08:37:06 +0000  copying file ./assets/node_modules/@react-navigation/elements/lib/module/assets/close-icon@2x.png ... 
2026-07-21 08:37:06 +0000  201 bytes for ./assets/node_modules/@react-navigation/elements/lib/module/assets/close-icon@2x.png
2026-07-21 08:37:06 +0000  copying file ./assets/node_modules/@react-navigation/elements/lib/module/assets/close-icon@3x.png ... 
2026-07-21 08:37:06 +0000  266 bytes for ./assets/node_modules/@react-navigation/elements/lib/module/assets/close-icon@3x.png
2026-07-21 08:37:06 +0000  copying file ./assets/node_modules/@react-navigation/elements/lib/module/assets/clear-icon.png ... 
2026-07-21 08:37:06 +0000  220 bytes for ./assets/node_modules/@react-navigation/elements/lib/module/assets/clear-icon.png
2026-07-21 08:37:06 +0000  copying file ./assets/node_modules/@react-navigation/elements/lib/module/assets/search-icon.png ... 
2026-07-21 08:37:06 +0000  317 bytes for ./assets/node_modules/@react-navigation/elements/lib/module/assets/search-icon.png
2026-07-21 08:37:06 +0000  copying file ./assets/node_modules/@expo/vector-icons/build/vendor/react-native-vector-icons/Fonts/Fontisto.ttf ... 
2026-07-21 08:37:06 +0000  313528 bytes for ./assets/node_modules/@expo/vector-icons/build/vendor/react-native-vector-icons/Fonts/Fontisto.ttf
2026-07-21 08:37:06 +0000  copying file ./assets/node_modules/@expo/vector-icons/build/vendor/react-native-vector-icons/Fonts/Octicons.ttf ... 
2026-07-21 08:37:06 +0000  69436 bytes for ./assets/node_modules/@expo/vector-icons/build/vendor/react-native-vector-icons/Fonts/Octicons.ttf
2026-07-21 08:37:06 +0000  copying file ./assets/node_modules/@expo/vector-icons/build/vendor/react-native-vector-icons/Fonts/Feather.ttf ... 
2026-07-21 08:37:06 +0000  55596 bytes for ./assets/node_modules/@expo/vector-icons/build/vendor/react-native-vector-icons/Fonts/Feather.ttf
2026-07-21 08:37:06 +0000  copying file ./assets/node_modules/@expo/vector-icons/build/vendor/react-native-vector-icons/Fonts/FontAwesome6_Regular.ttf ... 
2026-07-21 08:37:06 +0000  67976 bytes for ./assets/node_modules/@expo/vector-icons/build/vendor/react-native-vector-icons/Fonts/FontAwesome6_Regular.ttf
2026-07-21 08:37:06 +0000  copying file ./assets/node_modules/@expo/vector-icons/build/vendor/react-native-vector-icons/Fonts/Entypo.ttf ... 
2026-07-21 08:37:06 +0000  66200 bytes for ./assets/node_modules/@expo/vector-icons/build/vendor/react-native-vector-icons/Fonts/Entypo.ttf
2026-07-21 08:37:06 +0000  copying file ./assets/node_modules/@expo/vector-icons/build/vendor/react-native-vector-icons/Fonts/FontAwesome5_Brands.ttf ... 
2026-07-21 08:37:06 +0000  134040 bytes for ./assets/node_modules/@expo/vector-icons/build/vendor/react-native-vector-icons/Fonts/FontAwesome5_Brands.ttf
2026-07-21 08:37:06 +0000  copying file ./assets/node_modules/@expo/vector-icons/build/vendor/react-native-vector-icons/Fonts/MaterialCommunityIcons.ttf ... 
2026-07-21 08:37:06 +0000  1307660 bytes for ./assets/node_modules/@expo/vector-icons/build/vendor/react-native-vector-icons/Fonts/MaterialCommunityIcons.ttf
2026-07-21 08:37:06 +0000  copying file ./assets/node_modules/@expo/vector-icons/build/vendor/react-native-vector-icons/Fonts/AntDesign.ttf ... 
2026-07-21 08:37:06 +0000  130484 bytes for ./assets/node_modules/@expo/vector-icons/build/vendor/react-native-vector-icons/Fonts/AntDesign.ttf
2026-07-21 08:37:06 +0000  copying file ./assets/node_modules/@expo/vector-icons/build/vendor/react-native-vector-icons/Fonts/Foundation.ttf ... 
2026-07-21 08:37:06 +0000  56976 bytes for ./assets/node_modules/@expo/vector-icons/build/vendor/react-native-vector-icons/Fonts/Foundation.ttf
2026-07-21 08:37:06 +0000  copying file ./assets/node_modules/@expo/vector-icons/build/vendor/react-native-vector-icons/Fonts/Ionicons.ttf ... 
2026-07-21 08:37:06 +0000  389724 bytes for ./assets/node_modules/@expo/vector-icons/build/vendor/react-native-vector-icons/Fonts/Ionicons.ttf
2026-07-21 08:37:06 +0000  copying file ./assets/node_modules/@expo/vector-icons/build/vendor/react-native-vector-icons/Fonts/FontAwesome5_Solid.ttf ... 
2026-07-21 08:37:06 +0000  202744 bytes for ./assets/node_modules/@expo/vector-icons/build/vendor/react-native-vector-icons/Fonts/FontAwesome5_Solid.ttf
2026-07-21 08:37:06 +0000  copying file ./assets/node_modules/@expo/vector-icons/build/vendor/react-native-vector-icons/Fonts/FontAwesome5_Regular.ttf ... 
2026-07-21 08:37:06 +0000  33736 bytes for ./assets/node_modules/@expo/vector-icons/build/vendor/react-native-vector-icons/Fonts/FontAwesome5_Regular.ttf
2026-07-21 08:37:06 +0000  copying file ./assets/node_modules/@expo/vector-icons/build/vendor/react-native-vector-icons/Fonts/FontAwesome.ttf ... 
2026-07-21 08:37:06 +0000  165548 bytes for ./assets/node_modules/@expo/vector-icons/build/vendor/react-native-vector-icons/Fonts/FontAwesome.ttf
2026-07-21 08:37:06 +0000  copying file ./assets/node_modules/@expo/vector-icons/build/vendor/react-native-vector-icons/Fonts/Zocial.ttf ... 
2026-07-21 08:37:06 +0000  25788 bytes for ./assets/node_modules/@expo/vector-icons/build/vendor/react-native-vector-icons/Fonts/Zocial.ttf
2026-07-21 08:37:06 +0000  copying file ./assets/node_modules/@expo/vector-icons/build/vendor/react-native-vector-icons/Fonts/EvilIcons.ttf ... 
2026-07-21 08:37:06 +0000  13456 bytes for ./assets/node_modules/@expo/vector-icons/build/vendor/react-native-vector-icons/Fonts/EvilIcons.ttf
2026-07-21 08:37:06 +0000  copying file ./assets/node_modules/@expo/vector-icons/build/vendor/react-native-vector-icons/Fonts/FontAwesome6_Solid.ttf ... 
2026-07-21 08:37:06 +0000  423676 bytes for ./assets/node_modules/@expo/vector-icons/build/vendor/react-native-vector-icons/Fonts/FontAwesome6_Solid.ttf
2026-07-21 08:37:06 +0000  copying file ./assets/node_modules/@expo/vector-icons/build/vendor/react-native-vector-icons/Fonts/SimpleLineIcons.ttf ... 
2026-07-21 08:37:06 +0000  54056 bytes for ./assets/node_modules/@expo/vector-icons/build/vendor/react-native-vector-icons/Fonts/SimpleLineIcons.ttf
2026-07-21 08:37:06 +0000  copying file ./assets/node_modules/@expo/vector-icons/build/vendor/react-native-vector-icons/Fonts/FontAwesome6_Brands.ttf ... 
2026-07-21 08:37:06 +0000  209376 bytes for ./assets/node_modules/@expo/vector-icons/build/vendor/react-native-vector-icons/Fonts/FontAwesome6_Brands.ttf
2026-07-21 08:37:06 +0000  copying file ./assets/node_modules/@expo/vector-icons/build/vendor/react-native-vector-icons/Fonts/MaterialIcons.ttf ... 
2026-07-21 08:37:06 +0000  356840 bytes for ./assets/node_modules/@expo/vector-icons/build/vendor/react-native-vector-icons/Fonts/MaterialIcons.ttf
2026-07-21 08:37:06 +0000  copying file ./Info.plist ... 
2026-07-21 08:37:06 +0000  2733 bytes for ./Info.plist
2026-07-21 08:37:06 +0000  copying file ./Expo.plist ... 
2026-07-21 08:37:06 +0000  243 bytes for ./Expo.plist
2026-07-21 08:37:06 +0000  copying file ./RNCAsyncStorage_resources.bundle/PrivacyInfo.xcprivacy ... 
2026-07-21 08:37:06 +0000  512 bytes for ./RNCAsyncStorage_resources.bundle/PrivacyInfo.xcprivacy
2026-07-21 08:37:06 +0000  copying file ./RNCAsyncStorage_resources.bundle/Info.plist ... 
2026-07-21 08:37:06 +0000  800 bytes for ./RNCAsyncStorage_resources.bundle/Info.plist
2026-07-21 08:37:06 +0000  copying file ./PkgInfo ... 
2026-07-21 08:37:06 +0000  8 bytes for ./PkgInfo
2026-07-21 08:37:06 +0000  copying file ./React-Core_privacy.bundle/PrivacyInfo.xcprivacy ... 
2026-07-21 08:37:06 +0000  768 bytes for ./React-Core_privacy.bundle/PrivacyInfo.xcprivacy
2026-07-21 08:37:06 +0000  copying file ./React-Core_privacy.bundle/Info.plist ... 
2026-07-21 08:37:06 +0000  787 bytes for ./React-Core_privacy.bundle/Info.plist
2026-07-21 08:37:06 +0000 [MT] /usr/bin/ditto exited with 0
2026-07-21 08:37:06 +0000 [MT] Processing step: IDEDistributionEmbedProfileStep
2026-07-21 08:37:06 +0000 [MT] Skipping profile for item: <IDEDistributionItem: 0x79566d260; bundleID='react-native.React', path='<DVTFilePath:0x79564d680:'/Users/sinjin/its-adventure-time/ItsAdventureTime.xcarchive/Products/Applications/ItsAdventureTime.app/Frameworks/React.framework'>', codeSigningInfo='<_DVTCodeSigningInformation_Path: 0x79566d2c0; isSigned='1', isAdHocSigned='0', signingCertificate='<DVTSigningCertificate: 0x794d54900; name='Apple Development: Mason Gallegos (AW6TR4N29B)', hash='E103BCADDDECD4DE32ABFD78C483FF6026D0141E', serialNumber='645DBD33B00290064F270A96F45403DC', certificateKinds='(
    "1.2.840.113635.100.6.1.12",
    "1.2.840.113635.100.6.1.2"
), issueDate='2026-01-21 08:10:21 +0000''>', entitlements='(null)', teamID='2AU7KFCM84', identifier='react-native.React', executablePath='<DVTFilePath:0x79564d920:'/Users/sinjin/its-adventure-time/ItsAdventureTime.xcarchive/Products/Applications/ItsAdventureTime.app/Frameworks/React.framework/React'>', hardenedRuntime='0'>'>
2026-07-21 08:37:06 +0000 [MT] Skipping profile for item: <IDEDistributionItem: 0x79566d1a0; bundleID='third-party.ReactNativeDependencies', path='<DVTFilePath:0x79552a980:'/Users/sinjin/its-adventure-time/ItsAdventureTime.xcarchive/Products/Applications/ItsAdventureTime.app/Frameworks/ReactNativeDependencies.framework'>', codeSigningInfo='<_DVTCodeSigningInformation_Path: 0x79566d200; isSigned='1', isAdHocSigned='0', signingCertificate='<DVTSigningCertificate: 0x794d54900; name='Apple Development: Mason Gallegos (AW6TR4N29B)', hash='E103BCADDDECD4DE32ABFD78C483FF6026D0141E', serialNumber='645DBD33B00290064F270A96F45403DC', certificateKinds='(
    "1.2.840.113635.100.6.1.12",
    "1.2.840.113635.100.6.1.2"
), issueDate='2026-01-21 08:10:21 +0000''>', entitlements='(null)', teamID='2AU7KFCM84', identifier='third-party.ReactNativeDependencies', executablePath='<DVTFilePath:0x7978c60d0:'/Users/sinjin/its-adventure-time/ItsAdventureTime.xcarchive/Products/Applications/ItsAdventureTime.app/Frameworks/ReactNativeDependencies.framework/ReactNativeDependencies'>', hardenedRuntime='0'>'>
2026-07-21 08:37:06 +0000 [MT] Skipping profile for item: <IDEDistributionItem: 0x79566d140; bundleID='dev.hermesengine.iphoneos', path='<DVTFilePath:0x7978c6220:'/Users/sinjin/its-adventure-time/ItsAdventureTime.xcarchive/Products/Applications/ItsAdventureTime.app/Frameworks/hermes.framework'>', codeSigningInfo='<_DVTCodeSigningInformation_Path: 0x79566d020; isSigned='1', isAdHocSigned='0', signingCertificate='<DVTSigningCertificate: 0x794d54900; name='Apple Development: Mason Gallegos (AW6TR4N29B)', hash='E103BCADDDECD4DE32ABFD78C483FF6026D0141E', serialNumber='645DBD33B00290064F270A96F45403DC', certificateKinds='(
    "1.2.840.113635.100.6.1.12",
    "1.2.840.113635.100.6.1.2"
), issueDate='2026-01-21 08:10:21 +0000''>', entitlements='(null)', teamID='2AU7KFCM84', identifier='dev.hermesengine.iphoneos', executablePath='<DVTFilePath:0x79564e6a0:'/Users/sinjin/its-adventure-time/ItsAdventureTime.xcarchive/Products/Applications/ItsAdventureTime.app/Frameworks/hermes.framework/hermes'>', hardenedRuntime='0'>'>
2026-07-21 08:37:06 +0000 [MT] Processing step: IDEDistributionInfoPlistStep
2026-07-21 08:37:06 +0000 [MT] Skipping Info.plist step because item: <IDEDistributionItem: 0x79566d260; bundleID='react-native.React', path='<DVTFilePath:0x79564d680:'/Users/sinjin/its-adventure-time/ItsAdventureTime.xcarchive/Products/Applications/ItsAdventureTime.app/Frameworks/React.framework'>', codeSigningInfo='<_DVTCodeSigningInformation_Path: 0x79566d2c0; isSigned='1', isAdHocSigned='0', signingCertificate='<DVTSigningCertificate: 0x794d54900; name='Apple Development: Mason Gallegos (AW6TR4N29B)', hash='E103BCADDDECD4DE32ABFD78C483FF6026D0141E', serialNumber='645DBD33B00290064F270A96F45403DC', certificateKinds='(
    "1.2.840.113635.100.6.1.12",
    "1.2.840.113635.100.6.1.2"
), issueDate='2026-01-21 08:10:21 +0000''>', entitlements='(null)', teamID='2AU7KFCM84', identifier='react-native.React', executablePath='<DVTFilePath:0x79564d920:'/Users/sinjin/its-adventure-time/ItsAdventureTime.xcarchive/Products/Applications/ItsAdventureTime.app/Frameworks/React.framework/React'>', hardenedRuntime='0'>'> is a framework or embedded in a framework.
2026-07-21 08:37:06 +0000 [MT] Skipping Info.plist step because item: <IDEDistributionItem: 0x79566d1a0; bundleID='third-party.ReactNativeDependencies', path='<DVTFilePath:0x79552a980:'/Users/sinjin/its-adventure-time/ItsAdventureTime.xcarchive/Products/Applications/ItsAdventureTime.app/Frameworks/ReactNativeDependencies.framework'>', codeSigningInfo='<_DVTCodeSigningInformation_Path: 0x79566d200; isSigned='1', isAdHocSigned='0', signingCertificate='<DVTSigningCertificate: 0x794d54900; name='Apple Development: Mason Gallegos (AW6TR4N29B)', hash='E103BCADDDECD4DE32ABFD78C483FF6026D0141E', serialNumber='645DBD33B00290064F270A96F45403DC', certificateKinds='(
    "1.2.840.113635.100.6.1.12",
    "1.2.840.113635.100.6.1.2"
), issueDate='2026-01-21 08:10:21 +0000''>', entitlements='(null)', teamID='2AU7KFCM84', identifier='third-party.ReactNativeDependencies', executablePath='<DVTFilePath:0x7978c60d0:'/Users/sinjin/its-adventure-time/ItsAdventureTime.xcarchive/Products/Applications/ItsAdventureTime.app/Frameworks/ReactNativeDependencies.framework/ReactNativeDependencies'>', hardenedRuntime='0'>'> is a framework or embedded in a framework.
2026-07-21 08:37:06 +0000 [MT] Skipping Info.plist step because item: <IDEDistributionItem: 0x79566d140; bundleID='dev.hermesengine.iphoneos', path='<DVTFilePath:0x7978c6220:'/Users/sinjin/its-adventure-time/ItsAdventureTime.xcarchive/Products/Applications/ItsAdventureTime.app/Frameworks/hermes.framework'>', codeSigningInfo='<_DVTCodeSigningInformation_Path: 0x79566d020; isSigned='1', isAdHocSigned='0', signingCertificate='<DVTSigningCertificate: 0x794d54900; name='Apple Development: Mason Gallegos (AW6TR4N29B)', hash='E103BCADDDECD4DE32ABFD78C483FF6026D0141E', serialNumber='645DBD33B00290064F270A96F45403DC', certificateKinds='(
    "1.2.840.113635.100.6.1.12",
    "1.2.840.113635.100.6.1.2"
), issueDate='2026-01-21 08:10:21 +0000''>', entitlements='(null)', teamID='2AU7KFCM84', identifier='dev.hermesengine.iphoneos', executablePath='<DVTFilePath:0x79564e6a0:'/Users/sinjin/its-adventure-time/ItsAdventureTime.xcarchive/Products/Applications/ItsAdventureTime.app/Frameworks/hermes.framework/hermes'>', hardenedRuntime='0'>'> is a framework or embedded in a framework.
2026-07-21 08:37:06 +0000 [MT] Skipping setting DTXcodeBuildDistribution because toolsBuildVersionName was nil.
2026-07-21 08:37:06 +0000 [MT] Processing step: IDEDistributionItemRemovalStep
2026-07-21 08:37:06 +0000 [MT] Processing step: IDEDistributionAppThinningPlistStep
2026-07-21 08:37:06 +0000 [MT] Skipping step: IDEDistributionAppThinningPlistStep because it said so
2026-07-21 08:37:06 +0000 [MT] Processing step: IDEDistributionSymbolsStep
2026-07-21 08:37:07 +0000 [MT] Writing /var/folders/qt/kpfgjxmx6m5clksryb0r58gw0000gn/T/XcodeDistPipeline.~~~RhJvOO/Symbols/2B475D85-631D-3B77-80B8-DBCDEAF39983.symbols
2026-07-21 08:37:07 +0000 [MT] Upload Symbols Failed
2026-07-21 08:37:07 +0000 [MT] Upload Symbols Failed
2026-07-21 08:37:07 +0000 [MT] Upload Symbols Failed
2026-07-21 08:37:07 +0000 [MT] Processing step: IDEDistributionCopyAppleProvidedContentStep
2026-07-21 08:37:07 +0000 [MT] Processing step: IDEDistributionAppThinningStep
2026-07-21 08:37:07 +0000 [MT] Skipping step: IDEDistributionAppThinningStep because it said so
2026-07-21 08:37:07 +0000 [MT] Processing step: IDEDistributionArchThinningStep
2026-07-21 08:37:07 +0000 [MT] Archs to thin for item /Users/sinjin/its-adventure-time/ItsAdventureTime.xcarchive/Products/Applications/ItsAdventureTime.app/Frameworks/React.framework are []
2026-07-21 08:37:07 +0000 [MT] Archs to thin for item /Users/sinjin/its-adventure-time/ItsAdventureTime.xcarchive/Products/Applications/ItsAdventureTime.app/Frameworks/ReactNativeDependencies.framework are []
2026-07-21 08:37:07 +0000 [MT] Archs to thin for item /Users/sinjin/its-adventure-time/ItsAdventureTime.xcarchive/Products/Applications/ItsAdventureTime.app/Frameworks/hermes.framework are []
2026-07-21 08:37:07 +0000 [MT] Archs to thin for item /Users/sinjin/its-adventure-time/ItsAdventureTime.xcarchive/Products/Applications/ItsAdventureTime.app are []
2026-07-21 08:37:07 +0000 [MT] Processing step: IDEDistributionODRStep
2026-07-21 08:37:07 +0000 [MT] Processing step: IDEDistributionStripXattrsStep
2026-07-21 08:37:07 +0000 [MT] Skipping stripping extended attributes because the codesign step will strip them.
2026-07-21 08:37:07 +0000 [MT] Skipping stripping extended attributes because the codesign step will strip them.
2026-07-21 08:37:07 +0000 [MT] Skipping stripping extended attributes because the codesign step will strip them.
2026-07-21 08:37:07 +0000 [MT] Skipping stripping extended attributes because the codesign step will strip them.
2026-07-21 08:37:07 +0000 [MT] Processing step: IDEDistributionCodesignStep
2026-07-21 08:37:07 +0000 [MT] Entitlements for <IDEDistributionItem: 0x79566d260; bundleID='react-native.React', path='<DVTFilePath:0x79564d680:'/Users/sinjin/its-adventure-time/ItsAdventureTime.xcarchive/Products/Applications/ItsAdventureTime.app/Frameworks/React.framework'>', codeSigningInfo='<_DVTCodeSigningInformation_Path: 0x79566d2c0; isSigned='1', isAdHocSigned='0', signingCertificate='<DVTSigningCertificate: 0x794d54900; name='Apple Development: Mason Gallegos (AW6TR4N29B)', hash='E103BCADDDECD4DE32ABFD78C483FF6026D0141E', serialNumber='645DBD33B00290064F270A96F45403DC', certificateKinds='(
    "1.2.840.113635.100.6.1.12",
    "1.2.840.113635.100.6.1.2"
), issueDate='2026-01-21 08:10:21 +0000''>', entitlements='(null)', teamID='2AU7KFCM84', identifier='react-native.React', executablePath='<DVTFilePath:0x79564d920:'/Users/sinjin/its-adventure-time/ItsAdventureTime.xcarchive/Products/Applications/ItsAdventureTime.app/Frameworks/React.framework/React'>', hardenedRuntime='0'>'>: {
}
2026-07-21 08:37:07 +0000 [MT] Associated App Clip Identifiers Filter: Skipping because "com.apple.developer.associated-appclip-app-identifiers" is not present
2026-07-21 08:37:07 +0000 [MT] Entitlements for <IDEDistributionItem: 0x79566d260; bundleID='react-native.React', path='<DVTFilePath:0x79564d680:'/Users/sinjin/its-adventure-time/ItsAdventureTime.xcarchive/Products/Applications/ItsAdventureTime.app/Frameworks/React.framework'>', codeSigningInfo='<_DVTCodeSigningInformation_Path: 0x79566d2c0; isSigned='1', isAdHocSigned='0', signingCertificate='<DVTSigningCertificate: 0x794d564c0; name='Apple Development: Mason Gallegos (AW6TR4N29B)', hash='E103BCADDDECD4DE32ABFD78C483FF6026D0141E', serialNumber='645DBD33B00290064F270A96F45403DC', certificateKinds='(
    "1.2.840.113635.100.6.1.12",
    "1.2.840.113635.100.6.1.2"
), issueDate='2026-01-21 08:10:21 +0000''>', entitlements='(null)', teamID='2AU7KFCM84', identifier='react-native.React', executablePath='<DVTFilePath:0x79564d920:'/Users/sinjin/its-adventure-time/ItsAdventureTime.xcarchive/Products/Applications/ItsAdventureTime.app/Frameworks/React.framework/React'>', hardenedRuntime='0'>'> are: {
}
2026-07-21 08:37:07 +0000 [MT] Writing entitlements for <IDEDistributionItem: 0x79566d260; bundleID='react-native.React', path='<DVTFilePath:0x79564d680:'/Users/sinjin/its-adventure-time/ItsAdventureTime.xcarchive/Products/Applications/ItsAdventureTime.app/Frameworks/React.framework'>', codeSigningInfo='<_DVTCodeSigningInformation_Path: 0x79566d2c0; isSigned='1', isAdHocSigned='0', signingCertificate='<DVTSigningCertificate: 0x794d564c0; name='Apple Development: Mason Gallegos (AW6TR4N29B)', hash='E103BCADDDECD4DE32ABFD78C483FF6026D0141E', serialNumber='645DBD33B00290064F270A96F45403DC', certificateKinds='(
    "1.2.840.113635.100.6.1.12",
    "1.2.840.113635.100.6.1.2"
), issueDate='2026-01-21 08:10:21 +0000''>', entitlements='(null)', teamID='2AU7KFCM84', identifier='react-native.React', executablePath='<DVTFilePath:0x79564d920:'/Users/sinjin/its-adventure-time/ItsAdventureTime.xcarchive/Products/Applications/ItsAdventureTime.app/Frameworks/React.framework/React'>', hardenedRuntime='0'>'> to: /var/folders/qt/kpfgjxmx6m5clksryb0r58gw0000gn/T/XcodeDistPipeline.~~~RhJvOO/entitlements~~~okbIOt
2026-07-21 08:37:07 +0000 [MT] invoking codesign: <NSConcreteTask: 0x794e6b8e0; launchPath='/usr/bin/codesign', arguments='(
    "-f",
    "-s",
    1E2DCB7159AEA5576CAF9F2BBA72DD471B0D7630,
    "--entitlements",
    "/var/folders/qt/kpfgjxmx6m5clksryb0r58gw0000gn/T/XcodeDistPipeline.~~~RhJvOO/entitlements~~~okbIOt",
    "--preserve-metadata=identifier,flags,runtime,launch-constraints,library-constraints",
    "--generate-entitlement-der",
    "--strip-disallowed-xattrs",
    "-vvv",
    "/var/folders/qt/kpfgjxmx6m5clksryb0r58gw0000gn/T/XcodeDistPipeline.~~~RhJvOO/Root/Payload/ItsAdventureTime.app/Frameworks/React.framework"
)'>
2026-07-21 08:37:07 +0000 [MT] codesign output: /var/folders/qt/kpfgjxmx6m5clksryb0r58gw0000gn/T/XcodeDistPipeline.~~~RhJvOO/Root/Payload/ItsAdventureTime.app/Frameworks/React.framework: replacing existing signature
/var/folders/qt/kpfgjxmx6m5clksryb0r58gw0000gn/T/XcodeDistPipeline.~~~RhJvOO/Root/Payload/ItsAdventureTime.app/Frameworks/React.framework: signed bundle with Mach-O thin (arm64) [react-native.React]
2026-07-21 08:37:07 +0000 [MT] Entitlements for <IDEDistributionItem: 0x79566d1a0; bundleID='third-party.ReactNativeDependencies', path='<DVTFilePath:0x79552a980:'/Users/sinjin/its-adventure-time/ItsAdventureTime.xcarchive/Products/Applications/ItsAdventureTime.app/Frameworks/ReactNativeDependencies.framework'>', codeSigningInfo='<_DVTCodeSigningInformation_Path: 0x79566d200; isSigned='1', isAdHocSigned='0', signingCertificate='<DVTSigningCertificate: 0x794d54900; name='Apple Development: Mason Gallegos (AW6TR4N29B)', hash='E103BCADDDECD4DE32ABFD78C483FF6026D0141E', serialNumber='645DBD33B00290064F270A96F45403DC', certificateKinds='(
    "1.2.840.113635.100.6.1.12",
    "1.2.840.113635.100.6.1.2"
), issueDate='2026-01-21 08:10:21 +0000''>', entitlements='(null)', teamID='2AU7KFCM84', identifier='third-party.ReactNativeDependencies', executablePath='<DVTFilePath:0x7978c60d0:'/Users/sinjin/its-adventure-time/ItsAdventureTime.xcarchive/Products/Applications/ItsAdventureTime.app/Frameworks/ReactNativeDependencies.framework/ReactNativeDependencies'>', hardenedRuntime='0'>'>: {
}
2026-07-21 08:37:07 +0000 [MT] Associated App Clip Identifiers Filter: Skipping because "com.apple.developer.associated-appclip-app-identifiers" is not present
2026-07-21 08:37:07 +0000 [MT] Entitlements for <IDEDistributionItem: 0x79566d1a0; bundleID='third-party.ReactNativeDependencies', path='<DVTFilePath:0x79552a980:'/Users/sinjin/its-adventure-time/ItsAdventureTime.xcarchive/Products/Applications/ItsAdventureTime.app/Frameworks/ReactNativeDependencies.framework'>', codeSigningInfo='<_DVTCodeSigningInformation_Path: 0x79566d200; isSigned='1', isAdHocSigned='0', signingCertificate='<DVTSigningCertificate: 0x794d564c0; name='Apple Development: Mason Gallegos (AW6TR4N29B)', hash='E103BCADDDECD4DE32ABFD78C483FF6026D0141E', serialNumber='645DBD33B00290064F270A96F45403DC', certificateKinds='(
    "1.2.840.113635.100.6.1.12",
    "1.2.840.113635.100.6.1.2"
), issueDate='2026-01-21 08:10:21 +0000''>', entitlements='(null)', teamID='2AU7KFCM84', identifier='third-party.ReactNativeDependencies', executablePath='<DVTFilePath:0x7978c60d0:'/Users/sinjin/its-adventure-time/ItsAdventureTime.xcarchive/Products/Applications/ItsAdventureTime.app/Frameworks/ReactNativeDependencies.framework/ReactNativeDependencies'>', hardenedRuntime='0'>'> are: {
}
2026-07-21 08:37:07 +0000 [MT] Writing entitlements for <IDEDistributionItem: 0x79566d1a0; bundleID='third-party.ReactNativeDependencies', path='<DVTFilePath:0x79552a980:'/Users/sinjin/its-adventure-time/ItsAdventureTime.xcarchive/Products/Applications/ItsAdventureTime.app/Frameworks/ReactNativeDependencies.framework'>', codeSigningInfo='<_DVTCodeSigningInformation_Path: 0x79566d200; isSigned='1', isAdHocSigned='0', signingCertificate='<DVTSigningCertificate: 0x794d564c0; name='Apple Development: Mason Gallegos (AW6TR4N29B)', hash='E103BCADDDECD4DE32ABFD78C483FF6026D0141E', serialNumber='645DBD33B00290064F270A96F45403DC', certificateKinds='(
    "1.2.840.113635.100.6.1.12",
    "1.2.840.113635.100.6.1.2"
), issueDate='2026-01-21 08:10:21 +0000''>', entitlements='(null)', teamID='2AU7KFCM84', identifier='third-party.ReactNativeDependencies', executablePath='<DVTFilePath:0x7978c60d0:'/Users/sinjin/its-adventure-time/ItsAdventureTime.xcarchive/Products/Applications/ItsAdventureTime.app/Frameworks/ReactNativeDependencies.framework/ReactNativeDependencies'>', hardenedRuntime='0'>'> to: /var/folders/qt/kpfgjxmx6m5clksryb0r58gw0000gn/T/XcodeDistPipeline.~~~RhJvOO/entitlements~~~Ja4tD4
2026-07-21 08:37:07 +0000 [MT] invoking codesign: <NSConcreteTask: 0x794e6b9d0; launchPath='/usr/bin/codesign', arguments='(
    "-f",
    "-s",
    1E2DCB7159AEA5576CAF9F2BBA72DD471B0D7630,
    "--entitlements",
    "/var/folders/qt/kpfgjxmx6m5clksryb0r58gw0000gn/T/XcodeDistPipeline.~~~RhJvOO/entitlements~~~Ja4tD4",
    "--preserve-metadata=identifier,flags,runtime,launch-constraints,library-constraints",
    "--generate-entitlement-der",
    "--strip-disallowed-xattrs",
    "-vvv",
    "/var/folders/qt/kpfgjxmx6m5clksryb0r58gw0000gn/T/XcodeDistPipeline.~~~RhJvOO/Root/Payload/ItsAdventureTime.app/Frameworks/ReactNativeDependencies.framework"
)'>
2026-07-21 08:37:07 +0000 [MT] codesign output: /var/folders/qt/kpfgjxmx6m5clksryb0r58gw0000gn/T/XcodeDistPipeline.~~~RhJvOO/Root/Payload/ItsAdventureTime.app/Frameworks/ReactNativeDependencies.framework: replacing existing signature
/var/folders/qt/kpfgjxmx6m5clksryb0r58gw0000gn/T/XcodeDistPipeline.~~~RhJvOO/Root/Payload/ItsAdventureTime.app/Frameworks/ReactNativeDependencies.framework: signed bundle with Mach-O thin (arm64) [third-party.ReactNativeDependencies]
2026-07-21 08:37:07 +0000 [MT] Entitlements for <IDEDistributionItem: 0x79566d140; bundleID='dev.hermesengine.iphoneos', path='<DVTFilePath:0x7978c6220:'/Users/sinjin/its-adventure-time/ItsAdventureTime.xcarchive/Products/Applications/ItsAdventureTime.app/Frameworks/hermes.framework'>', codeSigningInfo='<_DVTCodeSigningInformation_Path: 0x79566d020; isSigned='1', isAdHocSigned='0', signingCertificate='<DVTSigningCertificate: 0x794d54900; name='Apple Development: Mason Gallegos (AW6TR4N29B)', hash='E103BCADDDECD4DE32ABFD78C483FF6026D0141E', serialNumber='645DBD33B00290064F270A96F45403DC', certificateKinds='(
    "1.2.840.113635.100.6.1.12",
    "1.2.840.113635.100.6.1.2"
), issueDate='2026-01-21 08:10:21 +0000''>', entitlements='(null)', teamID='2AU7KFCM84', identifier='dev.hermesengine.iphoneos', executablePath='<DVTFilePath:0x79564e6a0:'/Users/sinjin/its-adventure-time/ItsAdventureTime.xcarchive/Products/Applications/ItsAdventureTime.app/Frameworks/hermes.framework/hermes'>', hardenedRuntime='0'>'>: {
}
2026-07-21 08:37:07 +0000 [MT] Associated App Clip Identifiers Filter: Skipping because "com.apple.developer.associated-appclip-app-identifiers" is not present
2026-07-21 08:37:07 +0000 [MT] Entitlements for <IDEDistributionItem: 0x79566d140; bundleID='dev.hermesengine.iphoneos', path='<DVTFilePath:0x7978c6220:'/Users/sinjin/its-adventure-time/ItsAdventureTime.xcarchive/Products/Applications/ItsAdventureTime.app/Frameworks/hermes.framework'>', codeSigningInfo='<_DVTCodeSigningInformation_Path: 0x79566d020; isSigned='1', isAdHocSigned='0', signingCertificate='<DVTSigningCertificate: 0x794d564c0; name='Apple Development: Mason Gallegos (AW6TR4N29B)', hash='E103BCADDDECD4DE32ABFD78C483FF6026D0141E', serialNumber='645DBD33B00290064F270A96F45403DC', certificateKinds='(
    "1.2.840.113635.100.6.1.12",
    "1.2.840.113635.100.6.1.2"
), issueDate='2026-01-21 08:10:21 +0000''>', entitlements='(null)', teamID='2AU7KFCM84', identifier='dev.hermesengine.iphoneos', executablePath='<DVTFilePath:0x79564e6a0:'/Users/sinjin/its-adventure-time/ItsAdventureTime.xcarchive/Products/Applications/ItsAdventureTime.app/Frameworks/hermes.framework/hermes'>', hardenedRuntime='0'>'> are: {
}
2026-07-21 08:37:07 +0000 [MT] Writing entitlements for <IDEDistributionItem: 0x79566d140; bundleID='dev.hermesengine.iphoneos', path='<DVTFilePath:0x7978c6220:'/Users/sinjin/its-adventure-time/ItsAdventureTime.xcarchive/Products/Applications/ItsAdventureTime.app/Frameworks/hermes.framework'>', codeSigningInfo='<_DVTCodeSigningInformation_Path: 0x79566d020; isSigned='1', isAdHocSigned='0', signingCertificate='<DVTSigningCertificate: 0x794d564c0; name='Apple Development: Mason Gallegos (AW6TR4N29B)', hash='E103BCADDDECD4DE32ABFD78C483FF6026D0141E', serialNumber='645DBD33B00290064F270A96F45403DC', certificateKinds='(
    "1.2.840.113635.100.6.1.12",
    "1.2.840.113635.100.6.1.2"
), issueDate='2026-01-21 08:10:21 +0000''>', entitlements='(null)', teamID='2AU7KFCM84', identifier='dev.hermesengine.iphoneos', executablePath='<DVTFilePath:0x79564e6a0:'/Users/sinjin/its-adventure-time/ItsAdventureTime.xcarchive/Products/Applications/ItsAdventureTime.app/Frameworks/hermes.framework/hermes'>', hardenedRuntime='0'>'> to: /var/folders/qt/kpfgjxmx6m5clksryb0r58gw0000gn/T/XcodeDistPipeline.~~~RhJvOO/entitlements~~~x5LDs0
2026-07-21 08:37:07 +0000 [MT] invoking codesign: <NSConcreteTask: 0x794e6ba20; launchPath='/usr/bin/codesign', arguments='(
    "-f",
    "-s",
    1E2DCB7159AEA5576CAF9F2BBA72DD471B0D7630,
    "--entitlements",
    "/var/folders/qt/kpfgjxmx6m5clksryb0r58gw0000gn/T/XcodeDistPipeline.~~~RhJvOO/entitlements~~~x5LDs0",
    "--preserve-metadata=identifier,flags,runtime,launch-constraints,library-constraints",
    "--generate-entitlement-der",
    "--strip-disallowed-xattrs",
    "-vvv",
    "/var/folders/qt/kpfgjxmx6m5clksryb0r58gw0000gn/T/XcodeDistPipeline.~~~RhJvOO/Root/Payload/ItsAdventureTime.app/Frameworks/hermes.framework"
)'>
2026-07-21 08:37:08 +0000 [MT] codesign output: /var/folders/qt/kpfgjxmx6m5clksryb0r58gw0000gn/T/XcodeDistPipeline.~~~RhJvOO/Root/Payload/ItsAdventureTime.app/Frameworks/hermes.framework: replacing existing signature
/var/folders/qt/kpfgjxmx6m5clksryb0r58gw0000gn/T/XcodeDistPipeline.~~~RhJvOO/Root/Payload/ItsAdventureTime.app/Frameworks/hermes.framework: signed bundle with Mach-O thin (arm64) [dev.hermesengine.iphoneos]
2026-07-21 08:37:08 +0000 [MT] Entitlements for <IDEDistributionItem: 0x79566d320; bundleID='com.masongallegos.itsadventuretime', path='<DVTFilePath:0x7978c4380:'/Users/sinjin/its-adventure-time/ItsAdventureTime.xcarchive/Products/Applications/ItsAdventureTime.app'>', codeSigningInfo='<_DVTCodeSigningInformation_Path: 0x79566d380; isSigned='1', isAdHocSigned='0', signingCertificate='<DVTSigningCertificate: 0x794d54900; name='Apple Development: Mason Gallegos (AW6TR4N29B)', hash='E103BCADDDECD4DE32ABFD78C483FF6026D0141E', serialNumber='645DBD33B00290064F270A96F45403DC', certificateKinds='(
    "1.2.840.113635.100.6.1.12",
    "1.2.840.113635.100.6.1.2"
), issueDate='2026-01-21 08:10:21 +0000''>', entitlements='{
    "application-identifier" = "2AU7KFCM84.com.masongallegos.itsadventuretime";
    "aps-environment" = development;
    "com.apple.developer.team-identifier" = 2AU7KFCM84;
    "get-task-allow" = 1;
}', teamID='2AU7KFCM84', identifier='com.masongallegos.itsadventuretime', executablePath='<DVTFilePath:0x7978c5500:'/Users/sinjin/its-adventure-time/ItsAdventureTime.xcarchive/Products/Applications/ItsAdventureTime.app/ItsAdventureTime'>', hardenedRuntime='0'>'>: {
    "application-identifier" = "2AU7KFCM84.com.masongallegos.itsadventuretime";
    "aps-environment" = production;
    "beta-reports-active" = 1;
    "com.apple.developer.team-identifier" = 2AU7KFCM84;
    "get-task-allow" = 0;
}
2026-07-21 08:37:08 +0000 [MT] Associated App Clip Identifiers Filter: Skipping because "com.apple.developer.associated-appclip-app-identifiers" is not present
2026-07-21 08:37:08 +0000 [MT] Entitlements for <IDEDistributionItem: 0x79566d320; bundleID='com.masongallegos.itsadventuretime', path='<DVTFilePath:0x7978c4380:'/Users/sinjin/its-adventure-time/ItsAdventureTime.xcarchive/Products/Applications/ItsAdventureTime.app'>', codeSigningInfo='<_DVTCodeSigningInformation_Path: 0x79566d380; isSigned='1', isAdHocSigned='0', signingCertificate='<DVTSigningCertificate: 0x794d564c0; name='Apple Development: Mason Gallegos (AW6TR4N29B)', hash='E103BCADDDECD4DE32ABFD78C483FF6026D0141E', serialNumber='645DBD33B00290064F270A96F45403DC', certificateKinds='(
    "1.2.840.113635.100.6.1.12",
    "1.2.840.113635.100.6.1.2"
), issueDate='2026-01-21 08:10:21 +0000''>', entitlements='{
    "application-identifier" = "2AU7KFCM84.com.masongallegos.itsadventuretime";
    "aps-environment" = development;
    "com.apple.developer.team-identifier" = 2AU7KFCM84;
    "get-task-allow" = 1;
}', teamID='2AU7KFCM84', identifier='com.masongallegos.itsadventuretime', executablePath='<DVTFilePath:0x7978c5500:'/Users/sinjin/its-adventure-time/ItsAdventureTime.xcarchive/Products/Applications/ItsAdventureTime.app/ItsAdventureTime'>', hardenedRuntime='0'>'> are: {
    "application-identifier" = "2AU7KFCM84.com.masongallegos.itsadventuretime";
    "aps-environment" = production;
    "beta-reports-active" = 1;
    "com.apple.developer.team-identifier" = 2AU7KFCM84;
    "get-task-allow" = 0;
}
2026-07-21 08:37:08 +0000 [MT] Writing entitlements for <IDEDistributionItem: 0x79566d320; bundleID='com.masongallegos.itsadventuretime', path='<DVTFilePath:0x7978c4380:'/Users/sinjin/its-adventure-time/ItsAdventureTime.xcarchive/Products/Applications/ItsAdventureTime.app'>', codeSigningInfo='<_DVTCodeSigningInformation_Path: 0x79566d380; isSigned='1', isAdHocSigned='0', signingCertificate='<DVTSigningCertificate: 0x794d564c0; name='Apple Development: Mason Gallegos (AW6TR4N29B)', hash='E103BCADDDECD4DE32ABFD78C483FF6026D0141E', serialNumber='645DBD33B00290064F270A96F45403DC', certificateKinds='(
    "1.2.840.113635.100.6.1.12",
    "1.2.840.113635.100.6.1.2"
), issueDate='2026-01-21 08:10:21 +0000''>', entitlements='{
    "application-identifier" = "2AU7KFCM84.com.masongallegos.itsadventuretime";
    "aps-environment" = development;
    "com.apple.developer.team-identifier" = 2AU7KFCM84;
    "get-task-allow" = 1;
}', teamID='2AU7KFCM84', identifier='com.masongallegos.itsadventuretime', executablePath='<DVTFilePath:0x7978c5500:'/Users/sinjin/its-adventure-time/ItsAdventureTime.xcarchive/Products/Applications/ItsAdventureTime.app/ItsAdventureTime'>', hardenedRuntime='0'>'> to: /var/folders/qt/kpfgjxmx6m5clksryb0r58gw0000gn/T/XcodeDistPipeline.~~~RhJvOO/entitlements~~~vgw4BC
2026-07-21 08:37:08 +0000 [MT] invoking codesign: <NSConcreteTask: 0x794e6b9d0; launchPath='/usr/bin/codesign', arguments='(
    "-f",
    "-s",
    1E2DCB7159AEA5576CAF9F2BBA72DD471B0D7630,
    "--entitlements",
    "/var/folders/qt/kpfgjxmx6m5clksryb0r58gw0000gn/T/XcodeDistPipeline.~~~RhJvOO/entitlements~~~vgw4BC",
    "--preserve-metadata=identifier,flags,runtime,launch-constraints,library-constraints",
    "--generate-entitlement-der",
    "--strip-disallowed-xattrs",
    "-vvv",
    "/var/folders/qt/kpfgjxmx6m5clksryb0r58gw0000gn/T/XcodeDistPipeline.~~~RhJvOO/Root/Payload/ItsAdventureTime.app"
)'>
2026-07-21 08:37:08 +0000 [MT] codesign output: /var/folders/qt/kpfgjxmx6m5clksryb0r58gw0000gn/T/XcodeDistPipeline.~~~RhJvOO/Root/Payload/ItsAdventureTime.app: replacing existing signature
/var/folders/qt/kpfgjxmx6m5clksryb0r58gw0000gn/T/XcodeDistPipeline.~~~RhJvOO/Root/Payload/ItsAdventureTime.app: signed app bundle with Mach-O thin (arm64) [com.masongallegos.itsadventuretime]
2026-07-21 08:37:08 +0000 [MT] Processing step: IDEDistributionZipODRItemStep
2026-07-21 08:37:08 +0000 [MT] Skipping step: IDEDistributionZipODRItemStep because it said so
2026-07-21 08:37:08 +0000 [MT] Skipping step: IDEDistributionZipODRItemStep because it said so
2026-07-21 08:37:08 +0000 [MT] Skipping step: IDEDistributionZipODRItemStep because it said so
2026-07-21 08:37:08 +0000 [MT] Skipping step: IDEDistributionZipODRItemStep because it said so
2026-07-21 08:37:08 +0000 [MT] Processing step: IDEDistributionCreateIPAStep
2026-07-21 08:37:08 +0000 [MT] Running /usr/bin/rsync '-8aPhhE' '/var/folders/qt/kpfgjxmx6m5clksryb0r58gw0000gn/T/XcodeDistPipeline.~~~RhJvOO/Symbols' '--link-dest' '/var/folders/qt/kpfgjxmx6m5clksryb0r58gw0000gn/T/XcodeDistPipeline.~~~RhJvOO' '/var/folders/qt/kpfgjxmx6m5clksryb0r58gw0000gn/T/XcodeDistPipeline.~~~RhJvOO/Root'
2026-07-21 08:37:08 +0000  Symbols/
._Symbols
            163 170%    2.26MB/s   00:00:00 (xfer#1, to-check=0/4)
2026-07-21 08:37:08 +0000  Symbols/2B475D85-631D-3B77-80B8-DBCDEAF39983.symbols
Symbols/._2B475D85-631D-3B77-80B8-DBCDEAF39983.symbols
            163   0%  234.76KB/s   00:00:00 (xfer#2, to-check=2/4)
2026-07-21 08:37:08 +0000 [MT] /usr/bin/rsync exited with 0
2026-07-21 08:37:08 +0000 [MT] Running /usr/bin/ditto '-V' '-c' '-k' '--norsrc' '/var/folders/qt/kpfgjxmx6m5clksryb0r58gw0000gn/T/XcodeDistPipeline.~~~RhJvOO/Root' '/var/folders/qt/kpfgjxmx6m5clksryb0r58gw0000gn/T/XcodeDistPipeline.~~~RhJvOO/Packages/ItsAdventureTime.ipa'
2026-07-21 08:37:08 +0000  >>> Copying /var/folders/qt/kpfgjxmx6m5clksryb0r58gw0000gn/T/XcodeDistPipeline.~~~RhJvOO/Root 
2026-07-21 08:37:08 +0000  copying file ./Payload/ItsAdventureTime.app/_CodeSignature/CodeResources ... 
2026-07-21 08:37:08 +0000  29601 bytes for ./Payload/ItsAdventureTime.app/_CodeSignature/CodeResources
2026-07-21 08:37:08 +0000  copying file ./Payload/ItsAdventureTime.app/SplashScreen.storyboardc/EXPO-VIEWCONTROLLER-1-view-EXPO-ContainerView.nib ... 
2026-07-21 08:37:08 +0000  2024 bytes for ./Payload/ItsAdventureTime.app/SplashScreen.storyboardc/EXPO-VIEWCONTROLLER-1-view-EXPO-ContainerView.nib
2026-07-21 08:37:08 +0000  copying file ./Payload/ItsAdventureTime.app/SplashScreen.storyboardc/SplashScreenViewController.nib ... 
2026-07-21 08:37:08 +0000  1004 bytes for ./Payload/ItsAdventureTime.app/SplashScreen.storyboardc/SplashScreenViewController.nib
2026-07-21 08:37:08 +0000  copying file ./Payload/ItsAdventureTime.app/SplashScreen.storyboardc/Info.plist ... 
2026-07-21 08:37:08 +0000  225 bytes for ./Payload/ItsAdventureTime.app/SplashScreen.storyboardc/Info.plist
2026-07-21 08:37:08 +0000  copying file ./Payload/ItsAdventureTime.app/EXUpdates.bundle/app.manifest ... 
2026-07-21 08:37:08 +0000  10843 bytes for ./Payload/ItsAdventureTime.app/EXUpdates.bundle/app.manifest
2026-07-21 08:37:08 +0000  copying file ./Payload/ItsAdventureTime.app/EXUpdates.bundle/Info.plist ... 
2026-07-21 08:37:08 +0000  768 bytes for ./Payload/ItsAdventureTime.app/EXUpdates.bundle/Info.plist
2026-07-21 08:37:08 +0000  copying file ./Payload/ItsAdventureTime.app/ExpoSystemUI_privacy.bundle/PrivacyInfo.xcprivacy ... 
2026-07-21 08:37:08 +0000  607 bytes for ./Payload/ItsAdventureTime.app/ExpoSystemUI_privacy.bundle/PrivacyInfo.xcprivacy
2026-07-21 08:37:08 +0000  copying file ./Payload/ItsAdventureTime.app/ExpoSystemUI_privacy.bundle/Info.plist ... 
2026-07-21 08:37:08 +0000  790 bytes for ./Payload/ItsAdventureTime.app/ExpoSystemUI_privacy.bundle/Info.plist
2026-07-21 08:37:08 +0000  copying file ./Payload/ItsAdventureTime.app/ItsAdventureTime ... 
2026-07-21 08:37:09 +0000  15610016 bytes for ./Payload/ItsAdventureTime.app/ItsAdventureTime
2026-07-21 08:37:09 +0000  copying file ./Payload/ItsAdventureTime.app/ReachabilitySwift.bundle/PrivacyInfo.xcprivacy ... 
228 bytes for ./Payload/ItsAdventureTime.app/ReachabilitySwift.bundle/PrivacyInfo.xcprivacy
copying file ./Payload/ItsAdventureTime.app/ReachabilitySwift.bundle/Info.plist ... 
784 bytes for ./Payload/ItsAdventureTime.app/ReachabilitySwift.bundle/Info.plist
2026-07-21 08:37:09 +0000  copying file ./Payload/ItsAdventureTime.app/Sentry.bundle/PrivacyInfo.xcprivacy ... 
2026-07-21 08:37:09 +0000  2108 bytes for ./Payload/ItsAdventureTime.app/Sentry.bundle/PrivacyInfo.xcprivacy
2026-07-21 08:37:09 +0000  copying file ./Payload/ItsAdventureTime.app/Sentry.bundle/Info.plist ... 
2026-07-21 08:37:09 +0000  761 bytes for ./Payload/ItsAdventureTime.app/Sentry.bundle/Info.plist
copying file ./Payload/ItsAdventureTime.app/AppIcon60x60@2x.png ... 
2026-07-21 08:37:09 +0000  15353 bytes for ./Payload/ItsAdventureTime.app/AppIcon60x60@2x.png
2026-07-21 08:37:09 +0000  copying file ./Payload/ItsAdventureTime.app/ExpoConstants_privacy.bundle/PrivacyInfo.xcprivacy ... 
2026-07-21 08:37:09 +0000  607 bytes for ./Payload/ItsAdventureTime.app/ExpoConstants_privacy.bundle/PrivacyInfo.xcprivacy
2026-07-21 08:37:09 +0000  copying file ./Payload/ItsAdventureTime.app/ExpoConstants_privacy.bundle/Info.plist ... 
2026-07-21 08:37:09 +0000  794 bytes for ./Payload/ItsAdventureTime.app/ExpoConstants_privacy.bundle/Info.plist
2026-07-21 08:37:09 +0000  copying file ./Payload/ItsAdventureTime.app/React-cxxreact_privacy.bundle/PrivacyInfo.xcprivacy ... 
2026-07-21 08:37:09 +0000  552 bytes for ./Payload/ItsAdventureTime.app/React-cxxreact_privacy.bundle/PrivacyInfo.xcprivacy
2026-07-21 08:37:09 +0000  copying file ./Payload/ItsAdventureTime.app/React-cxxreact_privacy.bundle/Info.plist ... 
2026-07-21 08:37:09 +0000  795 bytes for ./Payload/ItsAdventureTime.app/React-cxxreact_privacy.bundle/Info.plist
2026-07-21 08:37:09 +0000  copying file ./Payload/ItsAdventureTime.app/RevenueCat.bundle/PrivacyInfo.xcprivacy ... 
2026-07-21 08:37:09 +0000  945 bytes for ./Payload/ItsAdventureTime.app/RevenueCat.bundle/PrivacyInfo.xcprivacy
2026-07-21 08:37:09 +0000  copying file ./Payload/ItsAdventureTime.app/RevenueCat.bundle/Info.plist ... 
2026-07-21 08:37:09 +0000  769 bytes for ./Payload/ItsAdventureTime.app/RevenueCat.bundle/Info.plist
2026-07-21 08:37:09 +0000  copying file ./Payload/ItsAdventureTime.app/ExpoApplication_privacy.bundle/PrivacyInfo.xcprivacy ... 
2026-07-21 08:37:09 +0000  608 bytes for ./Payload/ItsAdventureTime.app/ExpoApplication_privacy.bundle/PrivacyInfo.xcprivacy
2026-07-21 08:37:09 +0000  copying file ./Payload/ItsAdventureTime.app/ExpoApplication_privacy.bundle/Info.plist ... 
2026-07-21 08:37:09 +0000  796 bytes for ./Payload/ItsAdventureTime.app/ExpoApplication_privacy.bundle/Info.plist
2026-07-21 08:37:09 +0000  copying file ./Payload/ItsAdventureTime.app/Assets.car ... 
2026-07-21 08:37:09 +0000  2148296 bytes for ./Payload/ItsAdventureTime.app/Assets.car
2026-07-21 08:37:09 +0000  copying file ./Payload/ItsAdventureTime.app/AppIcon76x76@2x~ipad.png ... 
2026-07-21 08:37:09 +0000  23102 bytes for ./Payload/ItsAdventureTime.app/AppIcon76x76@2x~ipad.png
2026-07-21 08:37:09 +0000  copying file ./Payload/ItsAdventureTime.app/main.jsbundle ... 
2026-07-21 08:37:09 +0000  8721740 bytes for ./Payload/ItsAdventureTime.app/main.jsbundle
2026-07-21 08:37:09 +0000  copying file ./Payload/ItsAdventureTime.app/EXConstants.bundle/app.config ... 
1485 bytes for ./Payload/ItsAdventureTime.app/EXConstants.bundle/app.config
copying file ./Payload/ItsAdventureTime.app/EXConstants.bundle/Info.plist ... 
772 bytes for ./Payload/ItsAdventureTime.app/EXConstants.bundle/Info.plist
2026-07-21 08:37:09 +0000  copying file ./Payload/ItsAdventureTime.app/SDWebImage.bundle/PrivacyInfo.xcprivacy ... 
2026-07-21 08:37:09 +0000  599 bytes for ./Payload/ItsAdventureTime.app/SDWebImage.bundle/PrivacyInfo.xcprivacy
2026-07-21 08:37:09 +0000  copying file ./Payload/ItsAdventureTime.app/SDWebImage.bundle/Info.plist ... 
2026-07-21 08:37:09 +0000  768 bytes for ./Payload/ItsAdventureTime.app/SDWebImage.bundle/Info.plist
2026-07-21 08:37:09 +0000  copying file ./Payload/ItsAdventureTime.app/PrivacyInfo.xcprivacy ... 
2026-07-21 08:37:09 +0000  1283 bytes for ./Payload/ItsAdventureTime.app/PrivacyInfo.xcprivacy
2026-07-21 08:37:09 +0000  copying file ./Payload/ItsAdventureTime.app/ExpoNotifications_privacy.bundle/PrivacyInfo.xcprivacy ... 
2026-07-21 08:37:09 +0000  607 bytes for ./Payload/ItsAdventureTime.app/ExpoNotifications_privacy.bundle/PrivacyInfo.xcprivacy
2026-07-21 08:37:09 +0000  copying file ./Payload/ItsAdventureTime.app/ExpoNotifications_privacy.bundle/Info.plist ... 
2026-07-21 08:37:09 +0000  802 bytes for ./Payload/ItsAdventureTime.app/ExpoNotifications_privacy.bundle/Info.plist
2026-07-21 08:37:09 +0000  copying file ./Payload/ItsAdventureTime.app/ExpoFileSystem_privacy.bundle/PrivacyInfo.xcprivacy ... 
2026-07-21 08:37:09 +0000  877 bytes for ./Payload/ItsAdventureTime.app/ExpoFileSystem_privacy.bundle/PrivacyInfo.xcprivacy
2026-07-21 08:37:09 +0000  copying file ./Payload/ItsAdventureTime.app/ExpoFileSystem_privacy.bundle/Info.plist ... 
2026-07-21 08:37:09 +0000  796 bytes for ./Payload/ItsAdventureTime.app/ExpoFileSystem_privacy.bundle/Info.plist
2026-07-21 08:37:09 +0000  copying file ./Payload/ItsAdventureTime.app/PurchasesHybridCommon.bundle/PrivacyInfo.xcprivacy ... 
2026-07-21 08:37:09 +0000  551 bytes for ./Payload/ItsAdventureTime.app/PurchasesHybridCommon.bundle/PrivacyInfo.xcprivacy
2026-07-21 08:37:09 +0000  copying file ./Payload/ItsAdventureTime.app/PurchasesHybridCommon.bundle/Info.plist ... 
2026-07-21 08:37:09 +0000  794 bytes for ./Payload/ItsAdventureTime.app/PurchasesHybridCommon.bundle/Info.plist
2026-07-21 08:37:09 +0000  copying file ./Payload/ItsAdventureTime.app/ReactNativeMapsPrivacy.bundle/PrivacyInfo.xcprivacy ... 
2026-07-21 08:37:09 +0000  1209 bytes for ./Payload/ItsAdventureTime.app/ReactNativeMapsPrivacy.bundle/PrivacyInfo.xcprivacy
2026-07-21 08:37:09 +0000  copying file ./Payload/ItsAdventureTime.app/ReactNativeMapsPrivacy.bundle/Info.plist ... 
2026-07-21 08:37:09 +0000  795 bytes for ./Payload/ItsAdventureTime.app/ReactNativeMapsPrivacy.bundle/Info.plist
2026-07-21 08:37:09 +0000  copying file ./Payload/ItsAdventureTime.app/Frameworks/React.framework/_CodeSignature/CodeResources ... 
2026-07-21 08:37:09 +0000  1798 bytes for ./Payload/ItsAdventureTime.app/Frameworks/React.framework/_CodeSignature/CodeResources
2026-07-21 08:37:09 +0000  copying file ./Payload/ItsAdventureTime.app/Frameworks/React.framework/React ... 
2026-07-21 08:37:10 +0000  11372576 bytes for ./Payload/ItsAdventureTime.app/Frameworks/React.framework/React
2026-07-21 08:37:10 +0000  copying file ./Payload/ItsAdventureTime.app/Frameworks/React.framework/Info.plist ... 
749 bytes for ./Payload/ItsAdventureTime.app/Frameworks/React.framework/Info.plist
2026-07-21 08:37:10 +0000  copying file ./Payload/ItsAdventureTime.app/Frameworks/ReactNativeDependencies.framework/_CodeSignature/CodeResources ... 
2026-07-21 08:37:10 +0000  3548 bytes for ./Payload/ItsAdventureTime.app/Frameworks/ReactNativeDependencies.framework/_CodeSignature/CodeResources
2026-07-21 08:37:10 +0000  copying file ./Payload/ItsAdventureTime.app/Frameworks/ReactNativeDependencies.framework/ReactNativeDependencies_folly.bundle/PrivacyInfo.xcprivacy ... 
2026-07-21 08:37:10 +0000  552 bytes for ./Payload/ItsAdventureTime.app/Frameworks/ReactNativeDependencies.framework/ReactNativeDependencies_folly.bundle/PrivacyInfo.xcprivacy
copying file ./Payload/ItsAdventureTime.app/Frameworks/ReactNativeDependencies.framework/ReactNativeDependencies_folly.bundle/Info.plist ... 
2026-07-21 08:37:10 +0000  690 bytes for ./Payload/ItsAdventureTime.app/Frameworks/ReactNativeDependencies.framework/ReactNativeDependencies_folly.bundle/Info.plist
2026-07-21 08:37:10 +0000  copying file ./Payload/ItsAdventureTime.app/Frameworks/ReactNativeDependencies.framework/ReactNativeDependencies ... 
2026-07-21 08:37:10 +0000  1287280 bytes for ./Payload/ItsAdventureTime.app/Frameworks/ReactNativeDependencies.framework/ReactNativeDependencies
2026-07-21 08:37:10 +0000  copying file ./Payload/ItsAdventureTime.app/Frameworks/ReactNativeDependencies.framework/ReactNativeDependencies_glog.bundle/PrivacyInfo.xcprivacy ... 
2026-07-21 08:37:10 +0000  552 bytes for ./Payload/ItsAdventureTime.app/Frameworks/ReactNativeDependencies.framework/ReactNativeDependencies_glog.bundle/PrivacyInfo.xcprivacy
2026-07-21 08:37:10 +0000  copying file ./Payload/ItsAdventureTime.app/Frameworks/ReactNativeDependencies.framework/ReactNativeDependencies_glog.bundle/Info.plist ... 
2026-07-21 08:37:10 +0000  688 bytes for ./Payload/ItsAdventureTime.app/Frameworks/ReactNativeDependencies.framework/ReactNativeDependencies_glog.bundle/Info.plist
2026-07-21 08:37:10 +0000  copying file ./Payload/ItsAdventureTime.app/Frameworks/ReactNativeDependencies.framework/ReactNativeDependencies_boost.bundle/PrivacyInfo.xcprivacy ... 
2026-07-21 08:37:10 +0000  776 bytes for ./Payload/ItsAdventureTime.app/Frameworks/ReactNativeDependencies.framework/ReactNativeDependencies_boost.bundle/PrivacyInfo.xcprivacy
2026-07-21 08:37:10 +0000  copying file ./Payload/ItsAdventureTime.app/Frameworks/ReactNativeDependencies.framework/ReactNativeDependencies_boost.bundle/Info.plist ... 
2026-07-21 08:37:10 +0000  690 bytes for ./Payload/ItsAdventureTime.app/Frameworks/ReactNativeDependencies.framework/ReactNativeDependencies_boost.bundle/Info.plist
2026-07-21 08:37:10 +0000  copying file ./Payload/ItsAdventureTime.app/Frameworks/ReactNativeDependencies.framework/Info.plist ... 
2026-07-21 08:37:10 +0000  782 bytes for ./Payload/ItsAdventureTime.app/Frameworks/ReactNativeDependencies.framework/Info.plist
2026-07-21 08:37:10 +0000  copying file ./Payload/ItsAdventureTime.app/Frameworks/hermes.framework/_CodeSignature/CodeResources ... 
2026-07-21 08:37:10 +0000  1798 bytes for ./Payload/ItsAdventureTime.app/Frameworks/hermes.framework/_CodeSignature/CodeResources
2026-07-21 08:37:10 +0000  copying file ./Payload/ItsAdventureTime.app/Frameworks/hermes.framework/hermes ... 
2026-07-21 08:37:10 +0000  4755616 bytes for ./Payload/ItsAdventureTime.app/Frameworks/hermes.framework/hermes
2026-07-21 08:37:10 +0000  copying file ./Payload/ItsAdventureTime.app/Frameworks/hermes.framework/Info.plist ... 
859 bytes for ./Payload/ItsAdventureTime.app/Frameworks/hermes.framework/Info.plist
copying file ./Payload/ItsAdventureTime.app/embedded.mobileprovision ... 
2026-07-21 08:37:10 +0000  16521 bytes for ./Payload/ItsAdventureTime.app/embedded.mobileprovision
2026-07-21 08:37:10 +0000  copying file ./Payload/ItsAdventureTime.app/assets/node_modules/@react-navigation/elements/lib/module/assets/back-icon@3x.png ... 
2026-07-21 08:37:10 +0000  761 bytes for ./Payload/ItsAdventureTime.app/assets/node_modules/@react-navigation/elements/lib/module/assets/back-icon@3x.png
2026-07-21 08:37:10 +0000  copying file ./Payload/ItsAdventureTime.app/assets/node_modules/@react-navigation/elements/lib/module/assets/back-icon@2x.png ... 
2026-07-21 08:37:10 +0000  405 bytes for ./Payload/ItsAdventureTime.app/assets/node_modules/@react-navigation/elements/lib/module/assets/back-icon@2x.png
2026-07-21 08:37:10 +0000  copying file ./Payload/ItsAdventureTime.app/assets/node_modules/@react-navigation/elements/lib/module/assets/search-icon@2x.png ... 
2026-07-21 08:37:10 +0000  589 bytes for ./Payload/ItsAdventureTime.app/assets/node_modules/@react-navigation/elements/lib/module/assets/search-icon@2x.png
copying file ./Payload/ItsAdventureTime.app/assets/node_modules/@react-navigation/elements/lib/module/assets/clear-icon@3x.png ... 
2026-07-21 08:37:10 +0000  502 bytes for ./Payload/ItsAdventureTime.app/assets/node_modules/@react-navigation/elements/lib/module/assets/clear-icon@3x.png
2026-07-21 08:37:10 +0000  copying file ./Payload/ItsAdventureTime.app/assets/node_modules/@react-navigation/elements/lib/module/assets/back-icon.png ... 
2026-07-21 08:37:10 +0000  290 bytes for ./Payload/ItsAdventureTime.app/assets/node_modules/@react-navigation/elements/lib/module/assets/back-icon.png
2026-07-21 08:37:10 +0000  copying file ./Payload/ItsAdventureTime.app/assets/node_modules/@react-navigation/elements/lib/module/assets/clear-icon@2x.png ... 
334 bytes for ./Payload/ItsAdventureTime.app/assets/node_modules/@react-navigation/elements/lib/module/assets/clear-icon@2x.png
2026-07-21 08:37:10 +0000  copying file ./Payload/ItsAdventureTime.app/assets/node_modules/@react-navigation/elements/lib/module/assets/search-icon@3x.png ... 
2026-07-21 08:37:10 +0000  839 bytes for ./Payload/ItsAdventureTime.app/assets/node_modules/@react-navigation/elements/lib/module/assets/search-icon@3x.png
2026-07-21 08:37:10 +0000  copying file ./Payload/ItsAdventureTime.app/assets/node_modules/@react-navigation/elements/lib/module/assets/close-icon.png ... 
2026-07-21 08:37:10 +0000  141 bytes for ./Payload/ItsAdventureTime.app/assets/node_modules/@react-navigation/elements/lib/module/assets/close-icon.png
2026-07-21 08:37:10 +0000  copying file ./Payload/ItsAdventureTime.app/assets/node_modules/@react-navigation/elements/lib/module/assets/back-icon-mask.png ... 
653 bytes for ./Payload/ItsAdventureTime.app/assets/node_modules/@react-navigation/elements/lib/module/assets/back-icon-mask.png
2026-07-21 08:37:10 +0000  copying file ./Payload/ItsAdventureTime.app/assets/node_modules/@react-navigation/elements/lib/module/assets/close-icon@2x.png ... 
2026-07-21 08:37:10 +0000  201 bytes for ./Payload/ItsAdventureTime.app/assets/node_modules/@react-navigation/elements/lib/module/assets/close-icon@2x.png
copying file ./Payload/ItsAdventureTime.app/assets/node_modules/@react-navigation/elements/lib/module/assets/close-icon@3x.png ... 
2026-07-21 08:37:10 +0000  266 bytes for ./Payload/ItsAdventureTime.app/assets/node_modules/@react-navigation/elements/lib/module/assets/close-icon@3x.png
2026-07-21 08:37:10 +0000  copying file ./Payload/ItsAdventureTime.app/assets/node_modules/@react-navigation/elements/lib/module/assets/clear-icon.png ... 
2026-07-21 08:37:10 +0000  220 bytes for ./Payload/ItsAdventureTime.app/assets/node_modules/@react-navigation/elements/lib/module/assets/clear-icon.png
copying file ./Payload/ItsAdventureTime.app/assets/node_modules/@react-navigation/elements/lib/module/assets/search-icon.png ... 
2026-07-21 08:37:10 +0000  317 bytes for ./Payload/ItsAdventureTime.app/assets/node_modules/@react-navigation/elements/lib/module/assets/search-icon.png
2026-07-21 08:37:10 +0000  copying file ./Payload/ItsAdventureTime.app/assets/node_modules/@expo/vector-icons/build/vendor/react-native-vector-icons/Fonts/Fontisto.ttf ... 
2026-07-21 08:37:10 +0000  313528 bytes for ./Payload/ItsAdventureTime.app/assets/node_modules/@expo/vector-icons/build/vendor/react-native-vector-icons/Fonts/Fontisto.ttf
2026-07-21 08:37:10 +0000  copying file ./Payload/ItsAdventureTime.app/assets/node_modules/@expo/vector-icons/build/vendor/react-native-vector-icons/Fonts/Octicons.ttf ... 
2026-07-21 08:37:10 +0000  69436 bytes for ./Payload/ItsAdventureTime.app/assets/node_modules/@expo/vector-icons/build/vendor/react-native-vector-icons/Fonts/Octicons.ttf
2026-07-21 08:37:10 +0000  copying file ./Payload/ItsAdventureTime.app/assets/node_modules/@expo/vector-icons/build/vendor/react-native-vector-icons/Fonts/Feather.ttf ... 
2026-07-21 08:37:10 +0000  55596 bytes for ./Payload/ItsAdventureTime.app/assets/node_modules/@expo/vector-icons/build/vendor/react-native-vector-icons/Fonts/Feather.ttf
2026-07-21 08:37:10 +0000  copying file ./Payload/ItsAdventureTime.app/assets/node_modules/@expo/vector-icons/build/vendor/react-native-vector-icons/Fonts/FontAwesome6_Regular.ttf ... 
2026-07-21 08:37:10 +0000  67976 bytes for ./Payload/ItsAdventureTime.app/assets/node_modules/@expo/vector-icons/build/vendor/react-native-vector-icons/Fonts/FontAwesome6_Regular.ttf
2026-07-21 08:37:10 +0000  copying file ./Payload/ItsAdventureTime.app/assets/node_modules/@expo/vector-icons/build/vendor/react-native-vector-icons/Fonts/Entypo.ttf ... 
2026-07-21 08:37:10 +0000  66200 bytes for ./Payload/ItsAdventureTime.app/assets/node_modules/@expo/vector-icons/build/vendor/react-native-vector-icons/Fonts/Entypo.ttf
2026-07-21 08:37:10 +0000  copying file ./Payload/ItsAdventureTime.app/assets/node_modules/@expo/vector-icons/build/vendor/react-native-vector-icons/Fonts/FontAwesome5_Brands.ttf ... 
2026-07-21 08:37:10 +0000  134040 bytes for ./Payload/ItsAdventureTime.app/assets/node_modules/@expo/vector-icons/build/vendor/react-native-vector-icons/Fonts/FontAwesome5_Brands.ttf
2026-07-21 08:37:10 +0000  copying file ./Payload/ItsAdventureTime.app/assets/node_modules/@expo/vector-icons/build/vendor/react-native-vector-icons/Fonts/MaterialCommunityIcons.ttf ... 
2026-07-21 08:37:10 +0000  1307660 bytes for ./Payload/ItsAdventureTime.app/assets/node_modules/@expo/vector-icons/build/vendor/react-native-vector-icons/Fonts/MaterialCommunityIcons.ttf
2026-07-21 08:37:10 +0000  copying file ./Payload/ItsAdventureTime.app/assets/node_modules/@expo/vector-icons/build/vendor/react-native-vector-icons/Fonts/AntDesign.ttf ... 
2026-07-21 08:37:10 +0000  130484 bytes for ./Payload/ItsAdventureTime.app/assets/node_modules/@expo/vector-icons/build/vendor/react-native-vector-icons/Fonts/AntDesign.ttf
2026-07-21 08:37:10 +0000  copying file ./Payload/ItsAdventureTime.app/assets/node_modules/@expo/vector-icons/build/vendor/react-native-vector-icons/Fonts/Foundation.ttf ... 
2026-07-21 08:37:10 +0000  56976 bytes for ./Payload/ItsAdventureTime.app/assets/node_modules/@expo/vector-icons/build/vendor/react-native-vector-icons/Fonts/Foundation.ttf
2026-07-21 08:37:10 +0000  copying file ./Payload/ItsAdventureTime.app/assets/node_modules/@expo/vector-icons/build/vendor/react-native-vector-icons/Fonts/Ionicons.ttf ... 
2026-07-21 08:37:10 +0000  389724 bytes for ./Payload/ItsAdventureTime.app/assets/node_modules/@expo/vector-icons/build/vendor/react-native-vector-icons/Fonts/Ionicons.ttf
2026-07-21 08:37:10 +0000  copying file ./Payload/ItsAdventureTime.app/assets/node_modules/@expo/vector-icons/build/vendor/react-native-vector-icons/Fonts/FontAwesome5_Solid.ttf ... 
2026-07-21 08:37:10 +0000  202744 bytes for ./Payload/ItsAdventureTime.app/assets/node_modules/@expo/vector-icons/build/vendor/react-native-vector-icons/Fonts/FontAwesome5_Solid.ttf
2026-07-21 08:37:10 +0000  copying file ./Payload/ItsAdventureTime.app/assets/node_modules/@expo/vector-icons/build/vendor/react-native-vector-icons/Fonts/FontAwesome5_Regular.ttf ... 
2026-07-21 08:37:10 +0000  33736 bytes for ./Payload/ItsAdventureTime.app/assets/node_modules/@expo/vector-icons/build/vendor/react-native-vector-icons/Fonts/FontAwesome5_Regular.ttf
2026-07-21 08:37:10 +0000  copying file ./Payload/ItsAdventureTime.app/assets/node_modules/@expo/vector-icons/build/vendor/react-native-vector-icons/Fonts/FontAwesome.ttf ... 
2026-07-21 08:37:10 +0000  165548 bytes for ./Payload/ItsAdventureTime.app/assets/node_modules/@expo/vector-icons/build/vendor/react-native-vector-icons/Fonts/FontAwesome.ttf
2026-07-21 08:37:10 +0000  copying file ./Payload/ItsAdventureTime.app/assets/node_modules/@expo/vector-icons/build/vendor/react-native-vector-icons/Fonts/Zocial.ttf ... 
2026-07-21 08:37:10 +0000  25788 bytes for ./Payload/ItsAdventureTime.app/assets/node_modules/@expo/vector-icons/build/vendor/react-native-vector-icons/Fonts/Zocial.ttf
2026-07-21 08:37:10 +0000  copying file ./Payload/ItsAdventureTime.app/assets/node_modules/@expo/vector-icons/build/vendor/react-native-vector-icons/Fonts/EvilIcons.ttf ... 
2026-07-21 08:37:10 +0000  13456 bytes for ./Payload/ItsAdventureTime.app/assets/node_modules/@expo/vector-icons/build/vendor/react-native-vector-icons/Fonts/EvilIcons.ttf
2026-07-21 08:37:10 +0000  copying file ./Payload/ItsAdventureTime.app/assets/node_modules/@expo/vector-icons/build/vendor/react-native-vector-icons/Fonts/FontAwesome6_Solid.ttf ... 
2026-07-21 08:37:10 +0000  423676 bytes for ./Payload/ItsAdventureTime.app/assets/node_modules/@expo/vector-icons/build/vendor/react-native-vector-icons/Fonts/FontAwesome6_Solid.ttf
2026-07-21 08:37:10 +0000  copying file ./Payload/ItsAdventureTime.app/assets/node_modules/@expo/vector-icons/build/vendor/react-native-vector-icons/Fonts/SimpleLineIcons.ttf ... 
2026-07-21 08:37:10 +0000  54056 bytes for ./Payload/ItsAdventureTime.app/assets/node_modules/@expo/vector-icons/build/vendor/react-native-vector-icons/Fonts/SimpleLineIcons.ttf
2026-07-21 08:37:10 +0000  copying file ./Payload/ItsAdventureTime.app/assets/node_modules/@expo/vector-icons/build/vendor/react-native-vector-icons/Fonts/FontAwesome6_Brands.ttf ... 
2026-07-21 08:37:10 +0000  209376 bytes for ./Payload/ItsAdventureTime.app/assets/node_modules/@expo/vector-icons/build/vendor/react-native-vector-icons/Fonts/FontAwesome6_Brands.ttf
2026-07-21 08:37:10 +0000  copying file ./Payload/ItsAdventureTime.app/assets/node_modules/@expo/vector-icons/build/vendor/react-native-vector-icons/Fonts/MaterialIcons.ttf ... 
2026-07-21 08:37:10 +0000  356840 bytes for ./Payload/ItsAdventureTime.app/assets/node_modules/@expo/vector-icons/build/vendor/react-native-vector-icons/Fonts/MaterialIcons.ttf
2026-07-21 08:37:10 +0000  copying file ./Payload/ItsAdventureTime.app/Info.plist ... 
2026-07-21 08:37:10 +0000  2733 bytes for ./Payload/ItsAdventureTime.app/Info.plist
2026-07-21 08:37:10 +0000  copying file ./Payload/ItsAdventureTime.app/Expo.plist ... 
2026-07-21 08:37:10 +0000  243 bytes for ./Payload/ItsAdventureTime.app/Expo.plist
2026-07-21 08:37:10 +0000  copying file ./Payload/ItsAdventureTime.app/RNCAsyncStorage_resources.bundle/PrivacyInfo.xcprivacy ... 
2026-07-21 08:37:10 +0000  512 bytes for ./Payload/ItsAdventureTime.app/RNCAsyncStorage_resources.bundle/PrivacyInfo.xcprivacy
2026-07-21 08:37:10 +0000  copying file ./Payload/ItsAdventureTime.app/RNCAsyncStorage_resources.bundle/Info.plist ... 
2026-07-21 08:37:10 +0000  800 bytes for ./Payload/ItsAdventureTime.app/RNCAsyncStorage_resources.bundle/Info.plist
2026-07-21 08:37:10 +0000  copying file ./Payload/ItsAdventureTime.app/PkgInfo ... 
2026-07-21 08:37:10 +0000  8 bytes for ./Payload/ItsAdventureTime.app/PkgInfo
2026-07-21 08:37:10 +0000  copying file ./Payload/ItsAdventureTime.app/React-Core_privacy.bundle/PrivacyInfo.xcprivacy ... 
2026-07-21 08:37:10 +0000  768 bytes for ./Payload/ItsAdventureTime.app/React-Core_privacy.bundle/PrivacyInfo.xcprivacy
2026-07-21 08:37:10 +0000  copying file ./Payload/ItsAdventureTime.app/React-Core_privacy.bundle/Info.plist ... 
2026-07-21 08:37:10 +0000  787 bytes for ./Payload/ItsAdventureTime.app/React-Core_privacy.bundle/Info.plist
2026-07-21 08:37:10 +0000  copying file ./Symbols/2B475D85-631D-3B77-80B8-DBCDEAF39983.symbols ... 
2026-07-21 08:37:11 +0000  40458420 bytes for ./Symbols/2B475D85-631D-3B77-80B8-DBCDEAF39983.symbols
2026-07-21 08:37:11 +0000 [MT] /usr/bin/ditto exited with 0
2026-07-21 08:37:11 +0000 [MT] Processing step: IDEDistributionAppStoreInformationStep
2026-07-21 08:37:11 +0000 [MT] Skipping step: IDEDistributionAppStoreInformationStep because it said so
2026-07-21 08:37:11 +0000 [MT] Processing step: IDEDistributionGenerateProcessedDistributionItems
2026-07-21 08:37:11 +0000 [MT] IDEDistributionItem init <DVTFilePath:0x79810b330:'/var/folders/qt/kpfgjxmx6m5clksryb0r58gw0000gn/T/XcodeDistPipeline.~~~RhJvOO/Root/Payload/ItsAdventureTime.app/Frameworks/hermes.framework'>
2026-07-21 08:37:12 +0000 [MT] IDEDistributionItem init <DVTFilePath:0x79486c7e0:'/var/folders/qt/kpfgjxmx6m5clksryb0r58gw0000gn/T/XcodeDistPipeline.~~~RhJvOO/Root/Payload/ItsAdventureTime.app/Frameworks/React.framework'>
2026-07-21 08:37:12 +0000 [MT] IDEDistributionItem init <DVTFilePath:0x7948a1980:'/var/folders/qt/kpfgjxmx6m5clksryb0r58gw0000gn/T/XcodeDistPipeline.~~~RhJvOO/Root/Payload/ItsAdventureTime.app/Frameworks/ReactNativeDependencies.framework'>
2026-07-21 08:37:12 +0000 [MT] IDEDistributionItem init <DVTFilePath:0x79810aa00:'/var/folders/qt/kpfgjxmx6m5clksryb0r58gw0000gn/T/XcodeDistPipeline.~~~RhJvOO/Root/Payload/ItsAdventureTime.app'>
2026-07-21 08:37:12 +0000 [MT] Processing step: IDEDistributionCreateManifestStep
2026-07-21 08:37:12 +0000 [MT] Skipping step: IDEDistributionCreateManifestStep because it said so
